Component: ARM Compiler 5.06 update 5 (build 528) Tool: armlink [4d35e2]

==============================================================================

Section Cross References

    startup_stm32f103xb.o(STACK) refers (Special) to heapauxi.o(.text) for __use_two_region_memory
    startup_stm32f103xb.o(HEAP) refers (Special) to heapauxi.o(.text) for __use_two_region_memory
    startup_stm32f103xb.o(RESET) refers (Special) to heapauxi.o(.text) for __use_two_region_memory
    startup_stm32f103xb.o(RESET) refers to startup_stm32f103xb.o(STACK) for __initial_sp
    startup_stm32f103xb.o(RESET) refers to startup_stm32f103xb.o(.text) for Reset_Handler
    startup_stm32f103xb.o(RESET) refers to stm32f1xx_it.o(i.NMI_Handler) for NMI_Handler
    startup_stm32f103xb.o(RESET) refers to stm32f1xx_it.o(i.HardFault_Handler) for HardFault_Handler
    startup_stm32f103xb.o(RESET) refers to stm32f1xx_it.o(i.MemManage_Handler) for MemManage_Handler
    startup_stm32f103xb.o(RESET) refers to stm32f1xx_it.o(i.BusFault_Handler) for BusFault_Handler
    startup_stm32f103xb.o(RESET) refers to stm32f1xx_it.o(i.UsageFault_Handler) for UsageFault_Handler
    startup_stm32f103xb.o(RESET) refers to stm32f1xx_it.o(i.SVC_Handler) for SVC_Handler
    startup_stm32f103xb.o(RESET) refers to stm32f1xx_it.o(i.DebugMon_Handler) for DebugMon_Handler
    startup_stm32f103xb.o(RESET) refers to stm32f1xx_it.o(i.PendSV_Handler) for PendSV_Handler
    startup_stm32f103xb.o(RESET) refers to stm32f1xx_it.o(i.SysTick_Handler) for SysTick_Handler
    startup_stm32f103xb.o(RESET) refers to stm32f1xx_it.o(i.DMA1_Channel5_IRQHandler) for DMA1_Channel5_IRQHandler
    startup_stm32f103xb.o(RESET) refers to stm32f1xx_it.o(i.SPI1_IRQHandler) for SPI1_IRQHandler
    startup_stm32f103xb.o(RESET) refers to stm32f1xx_it.o(i.USART1_IRQHandler) for USART1_IRQHandler
    startup_stm32f103xb.o(.text) refers (Special) to heapauxi.o(.text) for __use_two_region_memory
    startup_stm32f103xb.o(.text) refers to system_stm32f1xx.o(i.SystemInit) for SystemInit
    startup_stm32f103xb.o(.text) refers to __main.o(!!!main) for __main
    startup_stm32f103xb.o(.text) refers to startup_stm32f103xb.o(HEAP) for Heap_Mem
    startup_stm32f103xb.o(.text) refers to startup_stm32f103xb.o(STACK) for Stack_Mem
    main.o(i.SystemClock_Config) refers to rt_memclr_w.o(.text) for __aeabi_memclr4
    main.o(i.SystemClock_Config) refers to stm32f1xx_hal_rcc.o(i.HAL_RCC_OscConfig) for HAL_RCC_OscConfig
    main.o(i.SystemClock_Config) refers to stm32f1xx_hal_rcc.o(i.HAL_RCC_ClockConfig) for HAL_RCC_ClockConfig
    main.o(i.main) refers to stm32f1xx_hal.o(i.HAL_Init) for HAL_Init
    main.o(i.main) refers to main.o(i.SystemClock_Config) for SystemClock_Config
    main.o(i.main) refers to gpio.o(i.MX_GPIO_Init) for MX_GPIO_Init
    main.o(i.main) refers to dma.o(i.MX_DMA_Init) for MX_DMA_Init
    main.o(i.main) refers to i2c.o(i.MX_I2C1_Init) for MX_I2C1_Init
    main.o(i.main) refers to usart.o(i.MX_USART1_UART_Init) for MX_USART1_UART_Init
    main.o(i.main) refers to spi.o(i.MX_SPI1_Init) for MX_SPI1_Init
    main.o(i.main) refers to tim.o(i.MX_TIM1_Init) for MX_TIM1_Init
    main.o(i.main) refers to driver_oled.o(i.OLED_Init) for OLED_Init
    main.o(i.main) refers to driver_oled.o(i.OLED_Clear) for OLED_Clear
    main.o(i.main) refers to rc522.o(i.RC522_Init) for RC522_Init
    main.o(i.main) refers to button.o(i.Button_Init) for Button_Init
    main.o(i.main) refers to driver_oled.o(i.OLED_PrintString) for OLED_PrintString
    main.o(i.main) refers to stm32f1xx_hal.o(i.HAL_Delay) for HAL_Delay
    main.o(i.main) refers to esp.o(i.ESP_Init) for ESP_Init
    main.o(i.main) refers to flash.o(i.Flash_Read) for Flash_Read
    main.o(i.main) refers to flash.o(i.Flash_Erase) for Flash_Erase
    main.o(i.main) refers to flash.o(i.Flash_Write) for Flash_Write
    main.o(i.main) refers to adminoperation.o(i.Regular_User) for Regular_User
    main.o(i.main) refers to esp.o(i.ESP_Process) for ESP_Process
    main.o(i.main) refers to stm32f1xx_hal.o(i.HAL_GetTick) for HAL_GetTick
    main.o(i.main) refers to esp.o(i.ESP_SendHeartbeat) for ESP_SendHeartbeat
    main.o(i.main) refers to main.o(.data) for .data
    gpio.o(i.MX_GPIO_Init) refers to stm32f1xx_hal_gpio.o(i.HAL_GPIO_WritePin) for HAL_GPIO_WritePin
    gpio.o(i.MX_GPIO_Init) refers to stm32f1xx_hal_gpio.o(i.HAL_GPIO_Init) for HAL_GPIO_Init
    dma.o(i.MX_DMA_Init) refers to stm32f1xx_hal_cortex.o(i.HAL_NVIC_SetPriority) for HAL_NVIC_SetPriority
    dma.o(i.MX_DMA_Init) refers to stm32f1xx_hal_cortex.o(i.HAL_NVIC_EnableIRQ) for HAL_NVIC_EnableIRQ
    i2c.o(i.HAL_I2C_MspDeInit) refers to stm32f1xx_hal_gpio.o(i.HAL_GPIO_DeInit) for HAL_GPIO_DeInit
    i2c.o(i.HAL_I2C_MspInit) refers to stm32f1xx_hal_gpio.o(i.HAL_GPIO_Init) for HAL_GPIO_Init
    i2c.o(i.MX_I2C1_Init) refers to stm32f1xx_hal_i2c.o(i.HAL_I2C_Init) for HAL_I2C_Init
    i2c.o(i.MX_I2C1_Init) refers to main.o(i.Error_Handler) for Error_Handler
[...]
    i.I2C_RequestMemoryWrite                 0x08003594   Section        0  stm32f1xx_hal_i2c.o(i.I2C_RequestMemoryWrite)
    I2C_RequestMemoryWrite                   0x08003595   Thumb Code   162  stm32f1xx_hal_i2c.o(i.I2C_RequestMemoryWrite)
    i.I2C_WaitOnBTFFlagUntilTimeout          0x0800363c   Section        0  stm32f1xx_hal_i2c.o(i.I2C_WaitOnBTFFlagUntilTimeout)
    I2C_WaitOnBTFFlagUntilTimeout            0x0800363d   Thumb Code    86  stm32f1xx_hal_i2c.o(i.I2C_WaitOnBTFFlagUntilTimeout)
    i.I2C_WaitOnFlagUntilTimeout             0x08003694   Section        0  stm32f1xx_hal_i2c.o(i.I2C_WaitOnFlagUntilTimeout)
    I2C_WaitOnFlagUntilTimeout               0x08003695   Thumb Code   144  stm32f1xx_hal_i2c.o(i.I2C_WaitOnFlagUntilTimeout)
    i.I2C_WaitOnMasterAddressFlagUntilTimeout 0x08003724   Section        0  stm32f1xx_hal_i2c.o(i.I2C_WaitOnMasterAddressFlagUntilTimeout)
    I2C_WaitOnMasterAddressFlagUntilTimeout  0x08003725   Thumb Code   188  stm32f1xx_hal_i2c.o(i.I2C_WaitOnMasterAddressFlagUntilTimeout)
    i.I2C_WaitOnTXEFlagUntilTimeout          0x080037e0   Section        0  stm32f1xx_hal_i2c.o(i.I2C_WaitOnTXEFlagUntilTimeout)
    I2C_WaitOnTXEFlagUntilTimeout            0x080037e1   Thumb Code    86  stm32f1xx_hal_i2c.o(i.I2C_WaitOnTXEFlagUntilTimeout)
    i.MX_DMA_Init                            0x08003838   Section        0  dma.o(i.MX_DMA_Init)
    i.MX_GPIO_Init                           0x08003864   Section        0  gpio.o(i.MX_GPIO_Init)
    i.MX_I2C1_Init                           0x08003968   Section        0  i2c.o(i.MX_I2C1_Init)
    i.MX_SPI1_Init                           0x080039a8   Section        0  spi.o(i.MX_SPI1_Init)
    i.MX_TIM1_Init                           0x080039f0   Section        0  tim.o(i.MX_TIM1_Init)
    i.MX_USART1_UART_Init                    0x08003ab8   Section        0  usart.o(i.MX_USART1_UART_Init)
    i.MemManage_Handler                      0x08003b08   Section        0  stm32f1xx_it.o(i.MemManage_Handler)
    i.MySPI_R_MISO                           0x08003b0c   Section        0  myspi.o(i.MySPI_R_MISO)
    i.MySPI_SwapByte                         0x08003b18   Section        0  myspi.o(i.MySPI_SwapByte)
    i.MySPI_W_MOSI                           0x08003b50   Section        0  myspi.o(i.MySPI_W_MOSI)
    i.MySPI_W_SCK                            0x08003b64   Section        0  myspi.o(i.MySPI_W_SCK)
    i.MySPI_W_SS                             0x08003b78   Section        0  myspi.o(i.MySPI_W_SS)
    i.NMI_Handler                            0x08003b8c   Section        0  stm32f1xx_it.o(i.NMI_Handler)
    i.OLED_Clear                             0x08003b8e   Section        0  driver_oled.o(i.OLED_Clear)
    i.OLED_Init                              0x08003bb8   Section        0  driver_oled.o(i.OLED_Init)
    i.OLED_PrintString                       0x08003c4c   Section        0  driver_oled.o(i.OLED_PrintString)
    i.OLED_PutChar                           0x08003c80   Section        0  driver_oled.o(i.OLED_PutChar)
    i.OLED_SetComConfig                      0x08003cc8   Section        0  driver_oled.o(i.OLED_SetComConfig)
    OLED_SetComConfig                        0x08003cc9   Thumb Code    44  driver_oled.o(i.OLED_SetComConfig)
    i.OLED_SetPosition                       0x08003cf4   Section        0  driver_oled.o(i.OLED_SetPosition)
    i.OLED_WriteCmd                          0x08003d34   Section        0  driver_oled.o(i.OLED_WriteCmd)
    OLED_WriteCmd                            0x08003d35   Thumb Code    34  driver_oled.o(i.OLED_WriteCmd)
    i.OLED_WriteNBytes                       0x08003d5c   Section        0  driver_oled.o(i.OLED_WriteNBytes)
    OLED_WriteNBytes                         0x08003d5d   Thumb Code    26  driver_oled.o(i.OLED_WriteNBytes)
    i.Open_Door_Correct                      0x08003d7c   Section        0  adminoperation.o(i.Open_Door_Correct)
    i.Open_Door_Error                        0x08003da2   Section        0  adminoperation.o(i.Open_Door_Error)
    i.PWM_SetCompare1                        0x08003dc0   Section        0  dooropenpro.o(i.PWM_SetCompare1)
    i.PendSV_Handler                         0x08003de4   Section        0  stm32f1xx_it.o(i.PendSV_Handler)
    i.RC522_AntennaOn                        0x08003de6   Section        0  rc522.o(i.RC522_AntennaOn)
    i.RC522_Anticoll                         0x08003dee   Section        0  rc522.o(i.RC522_Anticoll)
    RC522_Anticoll                           0x08003def   Thumb Code   106  rc522.o(i.RC522_Anticoll)
    i.RC522_Init                             0x08003e58   Section        0  rc522.o(i.RC522_Init)
    i.RC522_ReadCardID                       0x08003ee8   Section        0  rc522.o(i.RC522_ReadCardID)
    i.RC522_Reset                            0x08003f36   Section        0  rc522.o(i.RC522_Reset)
    i.RC522_ToCard                           0x08003f82   Section        0  rc522.o(i.RC522_ToCard)
    RC522_ToCard                             0x08003f83   Thumb Code   278  rc522.o(i.RC522_ToCard)
    i.Read_RC522                             0x08004098   Section        0  rc522.o(i.Read_RC522)
    i.Regular_Admin                          0x080040c4   Section        0  adminoperation.o(i.Regular_Admin)
    i.Regular_User                           0x080041a0   Section        0  adminoperation.o(i.Regular_User)
    i.Regular_User_Menu                      0x08004314   Section        0  adminoperation.o(i.Regular_User_Menu)
    i.SPI1_IRQHandler                        0x0800434c   Section        0  stm32f1xx_it.o(i.SPI1_IRQHandler)
    i.SPI_DMAAbortOnError                    0x08004358   Section        0  stm32f1xx_hal_spi.o(i.SPI_DMAAbortOnError)
    SPI_DMAAbortOnError                      0x08004359   Thumb Code    16  stm32f1xx_hal_spi.o(i.SPI_DMAAbortOnError)
    i.SVC_Handler                            0x08004368   Section        0  stm32f1xx_it.o(i.SVC_Handler)
    i.Servo_SetAngle                         0x0800436c   Section        0  dooropenpro.o(i.Servo_SetAngle)
    i.SetBitMask                             0x080043a8   Section        0  rc522.o(i.SetBitMask)
    i.SysTick_Handler                        0x080043c0   Section        0  stm32f1xx_it.o(i.SysTick_Handler)
    i.SystemClock_Config                     0x080043c4   Section        0  main.o(i.SystemClock_Config)
    i.SystemInit                             0x08004420   Section        0  system_stm32f1xx.o(i.SystemInit)
    i.TIM_Base_SetConfig                     0x08004424   Section        0  stm32f1xx_hal_tim.o(i.TIM_Base_SetConfig)
    i.TIM_ETR_SetConfig                      0x0800449c   Section        0  stm32f1xx_hal_tim.o(i.TIM_ETR_SetConfig)
    i.TIM_ITRx_SetConfig                     0x080044b0   Section        0  stm32f1xx_hal_tim.o(i.TIM_ITRx_SetConfig)
    TIM_ITRx_SetConfig                       0x080044b1   Thumb Code    16  stm32f1xx_hal_tim.o(i.TIM_ITRx_SetConfig)
    i.TIM_OC1_SetConfig                      0x080044c0   Section        0  stm32f1xx_hal_tim.o(i.TIM_OC1_SetConfig)
    TIM_OC1_SetConfig                        0x080044c1   Thumb Code    74  stm32f1xx_hal_tim.o(i.TIM_OC1_SetConfig)
    i.TIM_OC2_SetConfig                      0x08004510   Section        0  stm32f1xx_hal_tim.o(i.TIM_OC2_SetConfig)
    i.TIM_OC3_SetConfig                      0x08004568   Section        0  stm32f1xx_hal_tim.o(i.TIM_OC3_SetConfig)
    TIM_OC3_SetConfig                        0x08004569   Thumb Code    82  stm32f1xx_hal_tim.o(i.TIM_OC3_SetConfig)
    i.TIM_OC4_SetConfig                      0x080045c0   Section        0  stm32f1xx_hal_tim.o(i.TIM_OC4_SetConfig)
    TIM_OC4_SetConfig                        0x080045c1   Thumb Code    64  stm32f1xx_hal_tim.o(i.TIM_OC4_SetConfig)
    i.TIM_TI1_ConfigInputStage               0x08004604   Section        0  stm32f1xx_hal_tim.o(i.TIM_TI1_ConfigInputStage)
    TIM_TI1_ConfigInputStage                 0x08004605   Thumb Code    34  stm32f1xx_hal_tim.o(i.TIM_TI1_ConfigInputStage)
    i.TIM_TI2_ConfigInputStage               0x08004626   Section        0  stm32f1xx_hal_tim.o(i.TIM_TI2_ConfigInputStage)
    TIM_TI2_ConfigInputStage                 0x08004627   Thumb Code    36  stm32f1xx_hal_tim.o(i.TIM_TI2_ConfigInputStage)
    i.UART1_DMA_IDLE_Handler                 0x0800464c   Section        0  usart.o(i.UART1_DMA_IDLE_Handler)
    i.UART_DMAAbortOnError                   0x0800469c   Section        0  stm32f1xx_hal_uart.o(i.UART_DMAAbortOnError)
    UART_DMAAbortOnError                     0x0800469d   Thumb Code    16  stm32f1xx_hal_uart.o(i.UART_DMAAbortOnError)
    i.UART_DMAError                          0x080046ac   Section        0  stm32f1xx_hal_uart.o(i.UART_DMAError)
    UART_DMAError                            0x080046ad   Thumb Code    74  stm32f1xx_hal_uart.o(i.UART_DMAError)
    i.UART_DMAReceiveCplt                    0x080046f6   Section        0  stm32f1xx_hal_uart.o(i.UART_DMAReceiveCplt)
    UART_DMAReceiveCplt                      0x080046f7   Thumb Code   134  stm32f1xx_hal_uart.o(i.UART_DMAReceiveCplt)
    i.UART_DMARxHalfCplt                     0x0800477c   Section        0  stm32f1xx_hal_uart.o(i.UART_DMARxHalfCplt)
    UART_DMARxHalfCplt                       0x0800477d   Thumb Code    30  stm32f1xx_hal_uart.o(i.UART_DMARxHalfCplt)
    i.UART_EndRxTransfer                     0x0800479a   Section        0  stm32f1xx_hal_uart.o(i.UART_EndRxTransfer)
    UART_EndRxTransfer                       0x0800479b   Thumb Code    78  stm32f1xx_hal_uart.o(i.UART_EndRxTransfer)
    i.UART_EndTxTransfer                     0x080047e8   Section        0  stm32f1xx_hal_uart.o(i.UART_EndTxTransfer)
    UART_EndTxTransfer                       0x080047e9   Thumb Code    28  stm32f1xx_hal_uart.o(i.UART_EndTxTransfer)
    i.UART_Receive_IT                        0x08004804   Section        0  stm32f1xx_hal_uart.o(i.UART_Receive_IT)
    UART_Receive_IT                          0x08004805   Thumb Code   194  stm32f1xx_hal_uart.o(i.UART_Receive_IT)
    i.UART_SetConfig                         0x080048c8   Section        0  stm32f1xx_hal_uart.o(i.UART_SetConfig)
    UART_SetConfig                           0x080048c9   Thumb Code   178  stm32f1xx_hal_uart.o(i.UART_SetConfig)
    i.UART_Start_Receive_DMA                 0x08004980   Section        0  stm32f1xx_hal_uart.o(i.UART_Start_Receive_DMA)
    i.UART_WaitOnFlagUntilTimeout            0x08004a10   Section        0  stm32f1xx_hal_uart.o(i.UART_WaitOnFlagUntilTimeout)
    UART_WaitOnFlagUntilTimeout              0x08004a11   Thumb Code   114  stm32f1xx_hal_uart.o(i.UART_WaitOnFlagUntilTimeout)
    i.USART1_IRQHandler                      0x08004a84   Section        0  stm32f1xx_it.o(i.USART1_IRQHandler)
    i.Uid_Read                               0x08004a98   Section        0  adminoperation.o(i.Uid_Read)
    i.UsageFault_Handler                     0x08004b54   Section        0  stm32f1xx_it.o(i.UsageFault_Handler)
    i.User_Change_Password_operation         0x08004b58   Section        0  adminoperation.o(i.User_Change_Password_operation)
    i.Write_RC522                            0x08004df8   Section        0  rc522.o(i.Write_RC522)
    i.__NVIC_SetPriority                     0x08004e1e   Section        0  stm32f1xx_hal_cortex.o(i.__NVIC_SetPriority)
    __NVIC_SetPriority                       0x08004e1f   Thumb Code    32  stm32f1xx_hal_cortex.o(i.__NVIC_SetPriority)
    i._is_digit                              0x08004e3e   Section        0  __printf_wp.o(i._is_digit)
    i.buzzer_close                           0x08004e4c   Section        0  dooropenpro.o(i.buzzer_close)
    i.buzzer_open                            0x08004e5c   Section        0  dooropenpro.o(i.buzzer_open)
    i.close_door                             0x08004e6c   Section        0  dooropenpro.o(i.close_door)
    i.greenLED_close                         0x08004e74   Section        0  dooropenpro.o(i.greenLED_close)
    i.greenLED_open                          0x08004e84   Section        0  dooropenpro.o(i.greenLED_open)
    i.main                                   0x08004e94   Section        0  main.o(i.main)
    i.open_door                              0x08004ff4   Section        0  dooropenpro.o(i.open_door)
    i.redLED_close                           0x08005000   Section        0  dooropenpro.o(i.redLED_close)
    i.redLED_open                            0x08005010   Section        0  dooropenpro.o(i.redLED_open)
    x$fpl$fdiv                               0x08005020   Section      388  fdiv.o(x$fpl$fdiv)
    _fdiv1                                   0x08005021   Thumb Code     0  fdiv.o(x$fpl$fdiv)
    x$fpl$ffixu                              0x080051a4   Section       62  ffixu.o(x$fpl$ffixu)
    x$fpl$fmul                               0x080051e4   Section      258  fmul.o(x$fpl$fmul)
    x$fpl$fnaninf                            0x080052e6   Section      140  fnaninf.o(x$fpl$fnaninf)
    x$fpl$fretinf                            0x08005372   Section       10  fretinf.o(x$fpl$fretinf)
    .constdata                               0x0800537c   Section       18  stm32f1xx_hal_rcc.o(.constdata)
    x$fpl$usenofp                            0x0800537c   Section        0  usenofp.o(x$fpl$usenofp)
    aPredivFactorTable                       0x0800537c   Data           2  stm32f1xx_hal_rcc.o(.constdata)
    aPLLMULFactorTable                       0x0800537e   Data          16  stm32f1xx_hal_rcc.o(.constdata)
    .constdata                               0x0800538e   Section       16  system_stm32f1xx.o(.constdata)
    .constdata                               0x0800539e   Section        8  system_stm32f1xx.o(.constdata)
    .constdata                               0x080053a6   Section       16  button.o(.constdata)
    key_map                                  0x080053a6   Data          16  button.o(.constdata)
    .constdata                               0x080053b6   Section     2048  driver_oled.o(.constdata)
    .constdata                               0x08005bb6   Section       40  _printf_hex_int.o(.constdata)
    uc_hextab                                0x08005bb6   Data          20  _printf_hex_int.o(.constdata)
    lc_hextab                                0x08005bca   Data          20  _printf_hex_int.o(.constdata)
    .constdata                               0x08005bde   Section       17  __printf_flags_ss_wp.o(.constdata)
    maptable                                 0x08005bde   Data          17  __printf_flags_ss_wp.o(.constdata)
    .data                                    0x20000000   Section        4  main.o(.data)
    last_heartbeat                           0x20000000   Data           4  main.o(.data)
    .data                                    0x20000004   Section        4  usart.o(.data)
    .data                                    0x20000008   Section       12  stm32f1xx_hal.o(.data)
    .data                                    0x20000014   Section        4  system_stm32f1xx.o(.data)
    .data                                    0x20000018   Section        8  button.o(.data)
    last_key                                 0x20000018   Data           1  button.o(.data)
    last_key_time                            0x2000001c   Data           4  button.o(.data)
    .data                                    0x20000020   Section        8  driver_oled.o(.data)
    mem_mode                                 0x20000020   Data           1  driver_oled.o(.data)
    g_pHI2COLED                              0x20000024   Data           4  driver_oled.o(.data)
    .data                                    0x20000028   Section       58  esp.o(.data)
    esp_rx_len                               0x20000028   Data           2  esp.o(.data)
    esp_rx_complete                          0x2000002a   Data           2  esp.o(.data)
    .data                                    0x20000062   Section       13  adminoperation.o(.data)
    Point_To                                 0x20000062   Data           1  adminoperation.o(.data)
    current_line                             0x20000063   Data           1  adminoperation.o(.data)
    current_line                             0x20000064   Data           1  adminoperation.o(.data)
    pos_y                                    0x20000065   Data           3  adminoperation.o(.data)
    pos_y                                    0x20000068   Data           3  adminoperation.o(.data)
    .bss                                     0x20000070   Section       84  i2c.o(.bss)
    .bss                                     0x200000c4   Section       88  spi.o(.bss)
    .bss                                     0x2000011c   Section       72  tim.o(.bss)
    .bss                                     0x20000164   Section      396  usart.o(.bss)
    .bss                                     0x200002f0   Section       32  stm32f1xx_hal_flash.o(.bss)
    .bss                                     0x20000310   Section       96  libspace.o(.bss)
    HEAP                                     0x20000370   Section      512  startup_stm32f103xb.o(HEAP)
    Heap_Mem                                 0x20000370   Data         512  startup_stm32f103xb.o(HEAP)
    STACK                                    0x20000570   Section     1024  startup_stm32f103xb.o(STACK)
    Stack_Mem                                0x20000570   Data        1024  startup_stm32f103xb.o(STACK)
    __initial_sp                             0x20000970   Data           0  startup_stm32f103xb.o(STACK)

    Global Symbols

    Symbol Name                              Value     Ov Type        Size  Object(Section)

    BuildAttributes$$THM_ISAv4$P$D$K$B$S$PE$A:L22UL41UL21$X:L11$S22US41US21$IEEE1$IW$USESV6$~STKCKD$USESV7$~SHL$OSPACE$ROPI$EBA8$UX$STANDARDLIB$REQ8$PRES8$EABIv2 0x00000000   Number         0  anon$$obj.o ABSOLUTE
    __ARM_use_no_argv                        0x00000000   Number         0  main.o ABSOLUTE
    _printf_flags                            0x00000000   Number         0  printf_stubs.o ABSOLUTE
    _printf_return_value                     0x00000000   Number         0  printf_stubs.o ABSOLUTE
    _printf_sizespec                         0x00000000   Number         0  printf_stubs.o ABSOLUTE
    _printf_widthprec                        0x00000000   Number         0  printf_stubs.o ABSOLUTE
    __ARM_exceptions_init                     - Undefined Weak Reference
    __alloca_initialize                       - Undefined Weak Reference
    __arm_preinit_                            - Undefined Weak Reference
    __cpp_initialize__aeabi_                  - Undefined Weak Reference
    __cxa_finalize                            - Undefined Weak Reference
    __rt_locale                               - Undefined Weak Reference
    __sigvec_lookup                           - Undefined Weak Reference
    _atexit_init                              - Undefined Weak Reference
    _call_atexit_fns                          - Undefined Weak Reference
    _clock_init                               - Undefined Weak Reference
    _fp_trap_init                             - Undefined Weak Reference
    _fp_trap_shutdown                         - Undefined Weak Reference
    _get_lc_collate                           - Undefined Weak Reference
    _get_lc_ctype                             - Undefined Weak Reference
    _get_lc_monetary                          - Undefined Weak Reference
    _get_lc_numeric                           - Undefined Weak Reference
    _get_lc_time                              - Undefined Weak Reference
    _getenv_init                              - Undefined Weak Reference
    _handle_redirection                       - Undefined Weak Reference
    _init_alloc                               - Undefined Weak Reference
    _init_user_alloc                          - Undefined Weak Reference
    _initio                                   - Undefined Weak Reference
    _printf_mbtowc                            - Undefined Weak Reference
    _printf_truncate_unsigned                 - Undefined Weak Reference
    _rand_init                                - Undefined Weak Reference
    _signal_finish                            - Undefined Weak Reference
    _signal_init                              - Undefined Weak Reference
    _terminate_alloc                          - Undefined Weak Reference
    _terminate_user_alloc                     - Undefined Weak Reference
    _terminateio                              - Undefined Weak Reference
    __Vectors_Size                           0x000000ec   Number         0  startup_stm32f103xb.o ABSOLUTE
    __Vectors                                0x08000000   Data           4  startup_stm32f103xb.o(RESET)
    __Vectors_End                            0x080000ec   Data           0  startup_stm32f103xb.o(RESET)
    __main                                   0x080000ed   Thumb Code     8  __main.o(!!!main)
    __scatterload                            0x080000f5   Thumb Code     0  __scatter.o(!!!scatter)
    __scatterload_rt2                        0x080000f5   Thumb Code    44  __scatter.o(!!!scatter)
    __scatterload_rt2_thumb_only             0x080000f5   Thumb Code     0  __scatter.o(!!!scatter)
    __scatterload_null                       0x08000103   Thumb Code     0  __scatter.o(!!!scatter)
    __scatterload_copy                       0x08000129   Thumb Code    26  __scatter_copy.o(!!handler_copy)
    __scatterload_zeroinit                   0x08000145   Thumb Code    28  __scatter_zi.o(!!handler_zi)
    _printf_percent                          0x08000161   Thumb Code     0  _printf_percent.o(.ARM.Collect$$_printf_percent$$00000000)
    _printf_x                                0x08000161   Thumb Code     0  _printf_x.o(.ARM.Collect$$_printf_percent$$0000000C)
    _printf_s                                0x08000167   Thumb Code     0  _printf_s.o(.ARM.Collect$$_printf_percent$$00000014)
    _printf_percent_end                      0x0800016d   Thumb Code     0  _printf_percent_end.o(.ARM.Collect$$_printf_percent$$00000017)
    __rt_lib_init                            0x08000171   Thumb Code     0  libinit.o(.ARM.Collect$$libinit$$00000000)
    __rt_lib_init_alloca_1                   0x08000173   Thumb Code     0  libinit2.o(.ARM.Collect$$libinit$$0000002E)
    __rt_lib_init_argv_1                     0x08000173   Thumb Code     0  libinit2.o(.ARM.Collect$$libinit$$0000002C)
    __rt_lib_init_atexit_1                   0x08000173   Thumb Code     0  libinit2.o(.ARM.Collect$$libinit$$0000001B)
    __rt_lib_init_clock_1                    0x08000173   Thumb Code     0  libinit2.o(.ARM.Collect$$libinit$$00000021)
    __rt_lib_init_cpp_1                      0x08000173   Thumb Code     0  libinit2.o(.ARM.Collect$$libinit$$00000032)
    __rt_lib_init_exceptions_1               0x08000173   Thumb Code     0  libinit2.o(.ARM.Collect$$libinit$$00000030)
    __rt_lib_init_fp_1                       0x08000173   Thumb Code     0  libinit2.o(.ARM.Collect$$libinit$$00000002)
    __rt_lib_init_fp_trap_1                  0x08000173   Thumb Code     0  libinit2.o(.ARM.Collect$$libinit$$0000001F)
    __rt_lib_init_getenv_1                   0x08000173   Thumb Code     0  libinit2.o(.ARM.Collect$$libinit$$00000023)
    __rt_lib_init_heap_1                     0x08000173   Thumb Code     0  libinit2.o(.ARM.Collect$$libinit$$0000000A)
    __rt_lib_init_lc_collate_1               0x08000173   Thumb Code     0  libinit2.o(.ARM.Collect$$libinit$$00000011)
    __rt_lib_init_lc_ctype_1                 0x08000173   Thumb Code     0  libinit2.o(.ARM.Collect$$libinit$$00000013)
    __rt_lib_init_lc_monetary_1              0x08000173   Thumb Code     0  libinit2.o(.ARM.Collect$$libinit$$00000015)
    __rt_lib_init_lc_numeric_1               0x08000173   Thumb Code     0  libinit2.o(.ARM.Collect$$libinit$$00000017)
    __rt_lib_init_lc_time_1                  0x08000173   Thumb Code     0  libinit2.o(.ARM.Collect$$libinit$$00000019)
    __rt_lib_init_preinit_1                  0x08000173   Thumb Code     0  libinit2.o(.ARM.Collect$$libinit$$00000004)
    __rt_lib_init_rand_1                     0x08000173   Thumb Code     0  libinit2.o(.ARM.Collect$$libinit$$0000000E)
    __rt_lib_init_return                     0x08000173   Thumb Code     0  libinit2.o(.ARM.Collect$$libinit$$00000033)
    __rt_lib_init_signal_1                   0x08000173   Thumb Code     0  libinit2.o(.ARM.Collect$$libinit$$0000001D)
    __rt_lib_init_stdio_1                    0x08000173   Thumb Code     0  libinit2.o(.ARM.Collect$$libinit$$00000025)
    __rt_lib_init_user_alloc_1               0x08000173   Thumb Code     0  libinit2.o(.ARM.Collect$$libinit$$0000000C)
    __rt_lib_shutdown                        0x08000175   Thumb Code     0  libshutdown.o(.ARM.Collect$$libshutdown$$00000000)
    __rt_lib_shutdown_cpp_1                  0x08000177   Thumb Code     0  libshutdown2.o(.ARM.Collect$$libshutdown$$00000002)
    __rt_lib_shutdown_fp_trap_1              0x08000177   Thumb Code     0  libshutdown2.o(.ARM.Collect$$libshutdown$$00000007)
    __rt_lib_shutdown_heap_1                 0x08000177   Thumb Code     0  libshutdown2.o(.ARM.Collect$$libshutdown$$0000000F)
    __rt_lib_shutdown_return                 0x08000177   Thumb Code     0  libshutdown2.o(.ARM.Collect$$libshutdown$$00000010)
    __rt_lib_shutdown_signal_1               0x08000177   Thumb Code     0  libshutdown2.o(.ARM.Collect$$libshutdown$$0000000A)
    __rt_lib_shutdown_stdio_1                0x08000177   Thumb Code     0  libshutdown2.o(.ARM.Collect$$libshutdown$$00000004)
    __rt_lib_shutdown_user_alloc_1           0x08000177   Thumb Code     0  libshutdown2.o(.ARM.Collect$$libshutdown$$0000000C)
    __rt_entry                               0x08000179   Thumb Code     0  __rtentry.o(.ARM.Collect$$rtentry$$00000000)
    __rt_entry_presh_1                       0x08000179   Thumb Code     0  __rtentry2.o(.ARM.Collect$$rtentry$$00000002)
    __rt_entry_sh                            0x08000179   Thumb Code     0  __rtentry4.o(.ARM.Collect$$rtentry$$00000004)
    __rt_entry_li                            0x0800017f   Thumb Code     0  __rtentry2.o(.ARM.Collect$$rtentry$$0000000A)
    __rt_entry_postsh_1                      0x0800017f   Thumb Code     0  __rtentry2.o(.ARM.Collect$$rtentry$$00000009)
    __rt_entry_main                          0x08000183   Thumb Code     0  __rtentry2.o(.ARM.Collect$$rtentry$$0000000D)
    __rt_entry_postli_1                      0x08000183   Thumb Code     0  __rtentry2.o(.ARM.Collect$$rtentry$$0000000C)
    __rt_exit                                0x0800018b   Thumb Code     0  rtexit.o(.ARM.Collect$$rtexit$$00000000)
    __rt_exit_ls                             0x0800018d   Thumb Code     0  rtexit2.o(.ARM.Collect$$rtexit$$00000003)
    __rt_exit_prels_1                        0x0800018d   Thumb Code     0  rtexit2.o(.ARM.Collect$$rtexit$$00000002)
    __rt_exit_exit                           0x08000191   Thumb Code     0  rtexit2.o(.ARM.Collect$$rtexit$$00000004)
    Reset_Handler                            0x08000199   Thumb Code     8  startup_stm32f103xb.o(.text)
    ADC1_2_IRQHandler                        0x080001b3   Thumb Code     0  startup_stm32f103xb.o(.text)
    CAN1_RX1_IRQHandler                      0x080001b3   Thumb Code     0  startup_stm32f103xb.o(.text)
    CAN1_SCE_IRQHandler                      0x080001b3   Thumb Code     0  startup_stm32f103xb.o(.text)
    DMA1_Channel1_IRQHandler                 0x080001b3   Thumb Code     0  startup_stm32f103xb.o(.text)
    DMA1_Channel2_IRQHandler                 0x080001b3   Thumb Code     0  startup_stm32f103xb.o(.text)
    DMA1_Channel3_IRQHandler                 0x080001b3   Thumb Code     0  startup_stm32f103xb.o(.text)
    DMA1_Channel4_IRQHandler                 0x080001b3   Thumb Code     0  startup_stm32f103xb.o(.text)
    DMA1_Channel6_IRQHandler                 0x080001b3   Thumb Code     0  startup_stm32f103xb.o(.text)
    DMA1_Channel7_IRQHandler                 0x080001b3   Thumb Code     0  startup_stm32f103xb.o(.text)
    EXTI0_IRQHandler                         0x080001b3   Thumb Code     0  startup_stm32f103xb.o(.text)
    EXTI15_10_IRQHandler                     0x080001b3   Thumb Code     0  startup_stm32f103xb.o(.text)
    EXTI1_IRQHandler                         0x080001b3   Thumb Code     0  startup_stm32f103xb.o(.text)
    EXTI2_IRQHandler                         0x080001b3   Thumb Code     0  startup_stm32f103xb.o(.text)
    EXTI3_IRQHandler                         0x080001b3   Thumb Code     0  startup_stm32f103xb.o(.text)
    EXTI4_IRQHandler                         0x080001b3   Thumb Code     0  startup_stm32f103xb.o(.text)
    EXTI9_5_IRQHandler                       0x080001b3   Thumb Code     0  startup_stm32f103xb.o(.text)
    FLASH_IRQHandler                         0x080001b3   Thumb Code     0  startup_stm32f103xb.o(.text)
    I2C1_ER_IRQHandler                       0x080001b3   Thumb Code     0  startup_stm32f103xb.o(.text)
    I2C1_EV_IRQHandler                       0x080001b3   Thumb Code     0  startup_stm32f103xb.o(.text)
    I2C2_ER_IRQHandler                       0x080001b3   Thumb Code     0  startup_stm32f103xb.o(.text)
    I2C2_EV_IRQHandler                       0x080001b3   Thumb Code     0  startup_stm32f103xb.o(.text)
    PVD_IRQHandler                           0x080001b3   Thumb Code     0  startup_stm32f103xb.o(.text)
    RCC_IRQHandler                           0x080001b3   Thumb Code     0  startup_stm32f103xb.o(.text)
    RTC_Alarm_IRQHandler                     0x080001b3   Thumb Code     0  startup_stm32f103xb.o(.text)
    RTC_IRQHandler                           0x080001b3   Thumb Code     0  startup_stm32f103xb.o(.text)
    SPI2_IRQHandler                          0x080001b3   Thumb Code     0  startup_stm32f103xb.o(.text)
    TAMPER_IRQHandler                        0x080001b3   Thumb Code     0  startup_stm32f103xb.o(.text)
    TIM1_BRK_IRQHandler                      0x080001b3   Thumb Code     0  startup_stm32f103xb.o(.text)
    TIM1_CC_IRQHandler                       0x080001b3   Thumb Code     0  startup_stm32f103xb.o(.text)
    TIM1_TRG_COM_IRQHandler                  0x080001b3   Thumb Code     0  startup_stm32f103xb.o(.text)
    TIM1_UP_IRQHandler                       0x080001b3   Thumb Code     0  startup_stm32f103xb.o(.text)
    TIM2_IRQHandler                          0x080001b3   Thumb Code     0  startup_stm32f103xb.o(.text)
    TIM3_IRQHandler                          0x080001b3   Thumb Code     0  startup_stm32f103xb.o(.text)
    TIM4_IRQHandler                          0x080001b3   Thumb Code     0  startup_stm32f103xb.o(.text)
    USART2_IRQHandler                        0x080001b3   Thumb Code     0  startup_stm32f103xb.o(.text)
    USART3_IRQHandler                        0x080001b3   Thumb Code     0  startup_stm32f103xb.o(.text)
    USBWakeUp_IRQHandler                     0x080001b3   Thumb Code     0  startup_stm32f103xb.o(.text)
    USB_HP_CAN1_TX_IRQHandler                0x080001b3   Thumb Code     0  startup_stm32f103xb.o(.text)
    USB_LP_CAN1_RX0_IRQHandler               0x080001b3   Thumb Code     0  startup_stm32f103xb.o(.text)
    WWDG_IRQHandler                          0x080001b3   Thumb Code     0  startup_stm32f103xb.o(.text)
    __user_initial_stackheap                 0x080001b5   Thumb Code     0  startup_stm32f103xb.o(.text)
    __aeabi_llsr                             0x080001d9   Thumb Code     0  llushr.o(.text)
    _ll_ushift_r                             0x080001d9   Thumb Code    38  llushr.o(.text)
    __2sprintf                               0x08000201   Thumb Code    34  noretval__2sprintf.o(.text)
    _printf_pre_padding                      0x08000229   Thumb Code    44  _printf_pad.o(.text)
    _printf_post_padding                     0x08000255   Thumb Code    34  _printf_pad.o(.text)
    _printf_str                              0x08000277   Thumb Code    82  _printf_str.o(.text)
    _printf_int_hex                          0x080002c9   Thumb Code    84  _printf_hex_int.o(.text)
    _printf_longlong_hex                     0x080002c9   Thumb Code     0  _printf_hex_int.o(.text)
    __printf                                 0x08000321   Thumb Code   388  __printf_flags_ss_wp.o(.text)
    strchr                                   0x080004a9   Thumb Code    20  strchr.o(.text)
    strstr                                   0x080004bd   Thumb Code    36  strstr.o(.text)
    strlen                                   0x080004e1   Thumb Code    62  strlen.o(.text)
    __aeabi_memcpy                           0x0800051f   Thumb Code     0  rt_memcpy_v6.o(.text)
    __rt_memcpy                              0x0800051f   Thumb Code   138  rt_memcpy_v6.o(.text)
    _memcpy_lastbytes                        0x08000585   Thumb Code     0  rt_memcpy_v6.o(.text)
    __aeabi_memclr4                          0x080005a9   Thumb Code     0  rt_memclr_w.o(.text)
    __aeabi_memclr8                          0x080005a9   Thumb Code     0  rt_memclr_w.o(.text)
    __rt_memclr_w                            0x080005a9   Thumb Code    78  rt_memclr_w.o(.text)
    _memset_w                                0x080005ad   Thumb Code     0  rt_memclr_w.o(.text)
    strcmp                                   0x080005f9   Thumb Code   128  strcmpv7m.o(.text)
    __use_two_region_memory                  0x08000679   Thumb Code     2  heapauxi.o(.text)
    __rt_heap_escrow$2region                 0x0800067b   Thumb Code     2  heapauxi.o(.text)
    __rt_heap_expand$2region                 0x0800067d   Thumb Code     2  heapauxi.o(.text)
    _printf_int_common                       0x0800067f   Thumb Code   178  _printf_intcommon.o(.text)
    _printf_char_common                      0x0800073b   Thumb Code    32  _printf_char_common.o(.text)
    _sputc                                   0x08000761   Thumb Code    10  _sputc.o(.text)
    _printf_cs_common                        0x0800076b   Thumb Code    20  _printf_char.o(.text)
    _printf_char                             0x0800077f   Thumb Code    16  _printf_char.o(.text)
    _printf_string                           0x0800078f   Thumb Code     8  _printf_char.o(.text)
    __aeabi_memcpy4                          0x08000797   Thumb Code     0  rt_memcpy_w.o(.text)
    __aeabi_memcpy8                          0x08000797   Thumb Code     0  rt_memcpy_w.o(.text)
    __rt_memcpy_w                            0x08000797   Thumb Code   100  rt_memcpy_w.o(.text)
    _memcpy_lastbytes_aligned                0x080007df   Thumb Code     0  rt_memcpy_w.o(.text)
    __user_setup_stackheap                   0x080007fb   Thumb Code    74  sys_stackheap_outer.o(.text)
    exit                                     0x08000845   Thumb Code    18  exit.o(.text)
    __user_libspace                          0x08000859   Thumb Code     8  libspace.o(.text)
    __user_perproc_libspace                  0x08000859   Thumb Code     0  libspace.o(.text)
    __user_perthread_libspace                0x08000859   Thumb Code     0  libspace.o(.text)
    _sys_exit                                0x08000861   Thumb Code     8  sys_exit.o(.text)
    __I$use$semihosting                      0x0800086d   Thumb Code     0  use_no_semi.o(.text)
    __use_no_semihosting_swi                 0x0800086d   Thumb Code     2  use_no_semi.o(.text)
    __semihosting_library_function           0x0800086f   Thumb Code     0  indicate_semi.o(.text)
    ADD_Admin_ID                             0x08000871   Thumb Code   140  adminoperation.o(i.ADD_Admin_ID)
    ADD_User_ID                              0x08000955   Thumb Code   184  adminoperation.o(i.ADD_User_ID)
    Add_ID_Card                              0x08000a75   Thumb Code   258  adminoperation.o(i.Add_ID_Card)
    Admin_Change_Password_operation          0x08000bed   Thumb Code   566  adminoperation.o(i.Admin_Change_Password_operation)
    BusFault_Handler                         0x08000e91   Thumb Code     2  stm32f1xx_it.o(i.BusFault_Handler)
    Button_GetKey                            0x08000e95   Thumb Code   684  button.o(i.Button_GetKey)
    Button_Init                              0x08001151   Thumb Code    22  button.o(i.Button_Init)
    Change_Password                          0x08001171   Thumb Code   146  adminoperation.o(i.Change_Password)
    ClearBitMask                             0x08001235   Thumb Code    24  rc522.o(i.ClearBitMask)
    DMA1_Channel5_IRQHandler                 0x0800124d   Thumb Code     6  stm32f1xx_it.o(i.DMA1_Channel5_IRQHandler)
    DebugMon_Handler                         0x08001283   Thumb Code     2  stm32f1xx_it.o(i.DebugMon_Handler)
    Dele_ID_Card                             0x08001285   Thumb Code   554  adminoperation.o(i.Dele_ID_Card)
    ESP_GetReceivedData                      0x0800153d   Thumb Code    52  usart.o(i.ESP_GetReceivedData)
    ESP_Init                                 0x08001579   Thumb Code   182  esp.o(i.ESP_Init)
    ESP_ParseData                            0x080016fd   Thumb Code    88  esp.o(i.ESP_ParseData)
    ESP_Process                              0x08001765   Thumb Code    32  esp.o(i.ESP_Process)
    ESP_SendBemfaData                        0x08001785   Thumb Code    24  esp.o(i.ESP_SendBemfaData)
    ESP_SendCmd                              0x080017a1   Thumb Code    30  esp.o(i.ESP_SendCmd)
    ESP_SendHeartbeat                        0x080017c5   Thumb Code    26  esp.o(i.ESP_SendHeartbeat)
    Error_Handler                            0x080017fd   Thumb Code     4  main.o(i.Error_Handler)
    FLASH_PageErase                          0x08001825   Thumb Code    28  stm32f1xx_hal_flash_ex.o(i.FLASH_PageErase)
    FLASH_WaitForLastOperation               0x080018c1   Thumb Code    80  stm32f1xx_hal_flash.o(i.FLASH_WaitForLastOperation)
    Flash_Erase                              0x08001915   Thumb Code    50  flash.o(i.Flash_Erase)
    Flash_Read                               0x08001947   Thumb Code     4  flash.o(i.Flash_Read)
    Flash_Write                              0x0800194b   Thumb Code    40  flash.o(i.Flash_Write)
    HAL_DMA_Abort                            0x08001973   Thumb Code    70  stm32f1xx_hal_dma.o(i.HAL_DMA_Abort)
    HAL_DMA_Abort_IT                         0x080019b9   Thumb Code   148  stm32f1xx_hal_dma.o(i.HAL_DMA_Abort_IT)
    HAL_DMA_IRQHandler                       0x08001a51   Thumb Code   316  stm32f1xx_hal_dma.o(i.HAL_DMA_IRQHandler)
    HAL_DMA_Init                             0x08001ba5   Thumb Code    84  stm32f1xx_hal_dma.o(i.HAL_DMA_Init)
    HAL_DMA_Start_IT                         0x08001c01   Thumb Code   112  stm32f1xx_hal_dma.o(i.HAL_DMA_Start_IT)
    HAL_Delay                                0x08001c71   Thumb Code    32  stm32f1xx_hal.o(i.HAL_Delay)
    HAL_FLASHEx_Erase                        0x08001c95   Thumb Code   160  stm32f1xx_hal_flash_ex.o(i.HAL_FLASHEx_Erase)
    HAL_FLASH_Lock                           0x08001d3d   Thumb Code    14  stm32f1xx_hal_flash.o(i.HAL_FLASH_Lock)
    HAL_FLASH_Program                        0x08001d51   Thumb Code   120  stm32f1xx_hal_flash.o(i.HAL_FLASH_Program)
    HAL_FLASH_Unlock                         0x08001dd1   Thumb Code    28  stm32f1xx_hal_flash.o(i.HAL_FLASH_Unlock)
    HAL_GPIO_Init                            0x08001df9   Thumb Code   446  stm32f1xx_hal_gpio.o(i.HAL_GPIO_Init)
    HAL_GPIO_ReadPin                         0x08001fd9   Thumb Code    10  stm32f1xx_hal_gpio.o(i.HAL_GPIO_ReadPin)
    HAL_GPIO_WritePin                        0x08001fe3   Thumb Code    10  stm32f1xx_hal_gpio.o(i.HAL_GPIO_WritePin)
    HAL_GetTick                              0x08001fed   Thumb Code     6  stm32f1xx_hal.o(i.HAL_GetTick)
    HAL_I2C_Init                             0x08001ff9   Thumb Code   376  stm32f1xx_hal_i2c.o(i.HAL_I2C_Init)
    HAL_I2C_Master_Transmit                  0x08002181   Thumb Code   290  stm32f1xx_hal_i2c.o(i.HAL_I2C_Master_Transmit)
    HAL_I2C_Mem_Write                        0x080022ad   Thumb Code   294  stm32f1xx_hal_i2c.o(i.HAL_I2C_Mem_Write)
    HAL_I2C_MspInit                          0x080023dd   Thumb Code    80  i2c.o(i.HAL_I2C_MspInit)
    HAL_IncTick                              0x08002439   Thumb Code    12  stm32f1xx_hal.o(i.HAL_IncTick)
    HAL_Init                                 0x08002449   Thumb Code    32  stm32f1xx_hal.o(i.HAL_Init)
    HAL_InitTick                             0x0800246d   Thumb Code    54  stm32f1xx_hal.o(i.HAL_InitTick)
    HAL_MspInit                              0x080024ad   Thumb Code    52  stm32f1xx_hal_msp.o(i.HAL_MspInit)
    HAL_NVIC_EnableIRQ                       0x080024e9   Thumb Code    26  stm32f1xx_hal_cortex.o(i.HAL_NVIC_EnableIRQ)
    HAL_NVIC_SetPriority                     0x08002505   Thumb Code    60  stm32f1xx_hal_cortex.o(i.HAL_NVIC_SetPriority)
    HAL_NVIC_SetPriorityGrouping             0x08002545   Thumb Code    26  stm32f1xx_hal_cortex.o(i.HAL_NVIC_SetPriorityGrouping)
    HAL_RCC_ClockConfig                      0x08002569   Thumb Code   280  stm32f1xx_hal_rcc.o(i.HAL_RCC_ClockConfig)
    HAL_RCC_GetPCLK1Freq                     0x08002695   Thumb Code    20  stm32f1xx_hal_rcc.o(i.HAL_RCC_GetPCLK1Freq)
    HAL_RCC_GetPCLK2Freq                     0x080026b5   Thumb Code    20  stm32f1xx_hal_rcc.o(i.HAL_RCC_GetPCLK2Freq)
    HAL_RCC_GetSysClockFreq                  0x080026d5   Thumb Code    58  stm32f1xx_hal_rcc.o(i.HAL_RCC_GetSysClockFreq)
    HAL_RCC_OscConfig                        0x08002721   Thumb Code   778  stm32f1xx_hal_rcc.o(i.HAL_RCC_OscConfig)
    HAL_SPI_ErrorCallback                    0x08002a41   Thumb Code     2  stm32f1xx_hal_spi.o(i.HAL_SPI_ErrorCallback)
    HAL_SPI_IRQHandler                       0x08002a45   Thumb Code   220  stm32f1xx_hal_spi.o(i.HAL_SPI_IRQHandler)
    HAL_SPI_Init                             0x08002b25   Thumb Code   178  stm32f1xx_hal_spi.o(i.HAL_SPI_Init)
    HAL_SPI_MspInit                          0x08002bd9   Thumb Code   116  spi.o(i.HAL_SPI_MspInit)
    HAL_SYSTICK_Config                       0x08002c59   Thumb Code    40  stm32f1xx_hal_cortex.o(i.HAL_SYSTICK_Config)
    HAL_TIMEx_ConfigBreakDeadTime            0x08002c81   Thumb Code    84  stm32f1xx_hal_tim_ex.o(i.HAL_TIMEx_ConfigBreakDeadTime)
    HAL_TIMEx_MasterConfigSynchronization    0x08002cd5   Thumb Code    92  stm32f1xx_hal_tim_ex.o(i.HAL_TIMEx_MasterConfigSynchronization)
    HAL_TIM_Base_Init                        0x08002d3d   Thumb Code    90  stm32f1xx_hal_tim.o(i.HAL_TIM_Base_Init)
    HAL_TIM_Base_MspInit                     0x08002d99   Thumb Code    30  tim.o(i.HAL_TIM_Base_MspInit)
    HAL_TIM_ConfigClockSource                0x08002dc1   Thumb Code   220  stm32f1xx_hal_tim.o(i.HAL_TIM_ConfigClockSource)
    HAL_TIM_MspPostInit                      0x08002e9d   Thumb Code    64  tim.o(i.HAL_TIM_MspPostInit)
    HAL_TIM_PWM_ConfigChannel                0x08002ee9   Thumb Code   204  stm32f1xx_hal_tim.o(i.HAL_TIM_PWM_ConfigChannel)
    HAL_TIM_PWM_Init                         0x08002fb5   Thumb Code    90  stm32f1xx_hal_tim.o(i.HAL_TIM_PWM_Init)
    HAL_TIM_PWM_MspInit                      0x0800300f   Thumb Code     2  stm32f1xx_hal_tim.o(i.HAL_TIM_PWM_MspInit)
    HAL_UARTEx_RxEventCallback               0x08003011   Thumb Code     2  stm32f1xx_hal_uart.o(i.HAL_UARTEx_RxEventCallback)
    HAL_UART_DMAStop                         0x08003013   Thumb Code   112  stm32f1xx_hal_uart.o(i.HAL_UART_DMAStop)
    HAL_UART_ErrorCallback                   0x08003083   Thumb Code     2  stm32f1xx_hal_uart.o(i.HAL_UART_ErrorCallback)
    HAL_UART_IRQHandler                      0x08003085   Thumb Code   616  stm32f1xx_hal_uart.o(i.HAL_UART_IRQHandler)
    HAL_UART_Init                            0x080032f1   Thumb Code   100  stm32f1xx_hal_uart.o(i.HAL_UART_Init)
    HAL_UART_MspInit                         0x08003355   Thumb Code   156  usart.o(i.HAL_UART_MspInit)
    HAL_UART_Receive_DMA                     0x08003405   Thumb Code    28  stm32f1xx_hal_uart.o(i.HAL_UART_Receive_DMA)
    HAL_UART_RxCpltCallback                  0x08003421   Thumb Code     2  stm32f1xx_hal_uart.o(i.HAL_UART_RxCpltCallback)
    HAL_UART_RxHalfCpltCallback              0x08003423   Thumb Code     2  stm32f1xx_hal_uart.o(i.HAL_UART_RxHalfCpltCallback)
    HAL_UART_Transmit                        0x08003425   Thumb Code   160  stm32f1xx_hal_uart.o(i.HAL_UART_Transmit)
    HAL_UART_TxCpltCallback                  0x080034c5   Thumb Code     2  stm32f1xx_hal_uart.o(i.HAL_UART_TxCpltCallback)
    HardFault_Handler                        0x080034c7   Thumb Code     2  stm32f1xx_it.o(i.HardFault_Handler)
    MX_DMA_Init                              0x08003839   Thumb Code    40  dma.o(i.MX_DMA_Init)
    MX_GPIO_Init                             0x08003865   Thumb Code   242  gpio.o(i.MX_GPIO_Init)
    MX_I2C1_Init                             0x08003969   Thumb Code    50  i2c.o(i.MX_I2C1_Init)
    MX_SPI1_Init                             0x080039a9   Thumb Code    62  spi.o(i.MX_SPI1_Init)
    MX_TIM1_Init                             0x080039f1   Thumb Code   192  tim.o(i.MX_TIM1_Init)
    MX_USART1_UART_Init                      0x08003ab9   Thumb Code    66  usart.o(i.MX_USART1_UART_Init)
    MemManage_Handler                        0x08003b09   Thumb Code     2  stm32f1xx_it.o(i.MemManage_Handler)
    MySPI_R_MISO                             0x08003b0d   Thumb Code     8  myspi.o(i.MySPI_R_MISO)
    MySPI_SwapByte                           0x08003b19   Thumb Code    56  myspi.o(i.MySPI_SwapByte)
    MySPI_W_MOSI                             0x08003b51   Thumb Code    16  myspi.o(i.MySPI_W_MOSI)
    MySPI_W_SCK                              0x08003b65   Thumb Code    16  myspi.o(i.MySPI_W_SCK)
    MySPI_W_SS                               0x08003b79   Thumb Code    16  myspi.o(i.MySPI_W_SS)
    NMI_Handler                              0x08003b8d   Thumb Code     2  stm32f1xx_it.o(i.NMI_Handler)
    OLED_Clear                               0x08003b8f   Thumb Code    42  driver_oled.o(i.OLED_Clear)
    OLED_Init                                0x08003bb9   Thumb Code   142  driver_oled.o(i.OLED_Init)
    OLED_PrintString                         0x08003c4d   Thumb Code    50  driver_oled.o(i.OLED_PrintString)
    OLED_PutChar                             0x08003c81   Thumb Code    66  driver_oled.o(i.OLED_PutChar)
    OLED_SetPosition                         0x08003cf5   Thumb Code    58  driver_oled.o(i.OLED_SetPosition)
    Open_Door_Correct                        0x08003d7d   Thumb Code    38  adminoperation.o(i.Open_Door_Correct)
    Open_Door_Error                          0x08003da3   Thumb Code    30  adminoperation.o(i.Open_Door_Error)
    PWM_SetCompare1                          0x08003dc1   Thumb Code    30  dooropenpro.o(i.PWM_SetCompare1)
    PendSV_Handler                           0x08003de5   Thumb Code     2  stm32f1xx_it.o(i.PendSV_Handler)
    RC522_AntennaOn                          0x08003de7   Thumb Code     8  rc522.o(i.RC522_AntennaOn)
    RC522_Init                               0x08003e59   Thumb Code   138  rc522.o(i.RC522_Init)
    RC522_ReadCardID                         0x08003ee9   Thumb Code    78  rc522.o(i.RC522_ReadCardID)
    RC522_Reset                              0x08003f37   Thumb Code    76  rc522.o(i.RC522_Reset)
    Read_RC522                               0x08004099   Thumb Code    42  rc522.o(i.Read_RC522)
    Regular_Admin                            0x080040c5   Thumb Code   156  adminoperation.o(i.Regular_Admin)
    Regular_User                             0x080041a1   Thumb Code   294  adminoperation.o(i.Regular_User)
    Regular_User_Menu                        0x08004315   Thumb Code    26  adminoperation.o(i.Regular_User_Menu)
    SPI1_IRQHandler                          0x0800434d   Thumb Code     6  stm32f1xx_it.o(i.SPI1_IRQHandler)
    SVC_Handler                              0x08004369   Thumb Code     2  stm32f1xx_it.o(i.SVC_Handler)
    Servo_SetAngle                           0x0800436d   Thumb Code    50  dooropenpro.o(i.Servo_SetAngle)
    SetBitMask                               0x080043a9   Thumb Code    24  rc522.o(i.SetBitMask)
    SysTick_Handler                          0x080043c1   Thumb Code     4  stm32f1xx_it.o(i.SysTick_Handler)
    SystemClock_Config                       0x080043c5   Thumb Code    92  main.o(i.SystemClock_Config)
    SystemInit                               0x08004421   Thumb Code     2  system_stm32f1xx.o(i.SystemInit)
    TIM_Base_SetConfig                       0x08004425   Thumb Code   108  stm32f1xx_hal_tim.o(i.TIM_Base_SetConfig)
    TIM_ETR_SetConfig                        0x0800449d   Thumb Code    20  stm32f1xx_hal_tim.o(i.TIM_ETR_SetConfig)
    TIM_OC2_SetConfig                        0x08004511   Thumb Code    84  stm32f1xx_hal_tim.o(i.TIM_OC2_SetConfig)
    UART1_DMA_IDLE_Handler                   0x0800464d   Thumb Code    66  usart.o(i.UART1_DMA_IDLE_Handler)
    UART_Start_Receive_DMA                   0x08004981   Thumb Code   130  stm32f1xx_hal_uart.o(i.UART_Start_Receive_DMA)
    USART1_IRQHandler                        0x08004a85   Thumb Code    16  stm32f1xx_it.o(i.USART1_IRQHandler)
    Uid_Read                                 0x08004a99   Thumb Code   138  adminoperation.o(i.Uid_Read)
    UsageFault_Handler                       0x08004b55   Thumb Code     2  stm32f1xx_it.o(i.UsageFault_Handler)
    User_Change_Password_operation           0x08004b59   Thumb Code   566  adminoperation.o(i.User_Change_Password_operation)
    Write_RC522                              0x08004df9   Thumb Code    38  rc522.o(i.Write_RC522)
    _is_digit                                0x08004e3f   Thumb Code    14  __printf_wp.o(i._is_digit)
    buzzer_close                             0x08004e4d   Thumb Code    10  dooropenpro.o(i.buzzer_close)
    buzzer_open                              0x08004e5d   Thumb Code    12  dooropenpro.o(i.buzzer_open)
    close_door                               0x08004e6d   Thumb Code     6  dooropenpro.o(i.close_door)
    greenLED_close                           0x08004e75   Thumb Code    12  dooropenpro.o(i.greenLED_close)
    greenLED_open                            0x08004e85   Thumb Code    10  dooropenpro.o(i.greenLED_open)
    main                                     0x08004e95   Thumb Code   278  main.o(i.main)
    open_door                                0x08004ff5   Thumb Code     6  dooropenpro.o(i.open_door)
    redLED_close                             0x08005001   Thumb Code    12  dooropenpro.o(i.redLED_close)
    redLED_open                              0x08005011   Thumb Code    10  dooropenpro.o(i.redLED_open)
    __aeabi_fdiv                             0x08005021   Thumb Code     0  fdiv.o(x$fpl$fdiv)
    _fdiv                                    0x08005021   Thumb Code   384  fdiv.o(x$fpl$fdiv)
    __aeabi_f2uiz                            0x080051a5   Thumb Code     0  ffixu.o(x$fpl$ffixu)
    _ffixu                                   0x080051a5   Thumb Code    62  ffixu.o(x$fpl$ffixu)
    __aeabi_fmul                             0x080051e5   Thumb Code     0  fmul.o(x$fpl$fmul)
    _fmul                                    0x080051e5   Thumb Code   258  fmul.o(x$fpl$fmul)
    __fpl_fnaninf                            0x080052e7   Thumb Code   140  fnaninf.o(x$fpl$fnaninf)
    __fpl_fretinf                            0x08005373   Thumb Code    10  fretinf.o(x$fpl$fretinf)
    __I$use$fp                               0x0800537c   Number         0  usenofp.o(x$fpl$usenofp)
    AHBPrescTable                            0x0800538e   Data          16  system_stm32f1xx.o(.constdata)
    APBPrescTable                            0x0800539e   Data           8  system_stm32f1xx.o(.constdata)
    ascii_font                               0x080053b6   Data        2048  driver_oled.o(.constdata)
    Region$$Table$$Base                      0x08005bf0   Number         0  anon$$obj.o(Region$$Table)
    Region$$Table$$Limit                     0x08005c10   Number         0  anon$$obj.o(Region$$Table)
    uart1_rx_complete                        0x20000004   Data           1  usart.o(.data)
    uart1_rx_len                             0x20000006   Data           2  usart.o(.data)
    uwTickFreq                               0x20000008   Data           1  stm32f1xx_hal.o(.data)
    uwTickPrio                               0x2000000c   Data           4  stm32f1xx_hal.o(.data)
    uwTick                                   0x20000010   Data           4  stm32f1xx_hal.o(.data)
    SystemCoreClock                          0x20000014   Data           4  system_stm32f1xx.o(.data)
    ssid                                     0x2000002c   Data           4  esp.o(.data)
    topic                                    0x20000030   Data           7  esp.o(.data)
    uid                                      0x20000037   Data          33  esp.o(.data)
    pswd                                     0x20000058   Data          10  esp.o(.data)
    user_uid                                 0x2000006b   Data           4  adminoperation.o(.data)
    hi2c1                                    0x20000070   Data          84  i2c.o(.bss)
    hspi1                                    0x200000c4   Data          88  spi.o(.bss)
    htim1                                    0x2000011c   Data          72  tim.o(.bss)
    uart1_rx_buf                             0x20000164   Data         256  usart.o(.bss)
    huart1                                   0x20000264   Data          72  usart.o(.bss)
    hdma_usart1_rx                           0x200002ac   Data          68  usart.o(.bss)
    pFlash                                   0x200002f0   Data          32  stm32f1xx_hal_flash.o(.bss)
    __libspace_start                         0x20000310   Data          96  libspace.o(.bss)
    __temporary_stack_top$libspace           0x20000370   Data           0  libspace.o(.bss)



==============================================================================

Memory Map of the image

  Image Entry point : 0x080000ed

  Load Region LR_IROM1 (Base: 0x08000000, Size: 0x00005c80, Max: 0x00010000, ABSOLUTE)

    Execution Region ER_IROM1 (Exec base: 0x08000000, Load base: 0x08000000, Size: 0x00005c10, Max: 0x00010000, ABSOLUTE)

    Exec Addr    Load Addr    Size         Type   Attr      Idx    E Section Name        Object

    0x08000000   0x08000000   0x000000ec   Data   RO            3    RESET               startup_stm32f103xb.o
    0x080000ec   0x080000ec   0x00000008   Code   RO         4376  * !!!main             c_w.l(__main.o)
    0x080000f4   0x080000f4   0x00000034   Code   RO         4561    !!!scatter          c_w.l(__scatter.o)
    0x08000128   0x08000128   0x0000001a   Code   RO         4563    !!handler_copy      c_w.l(__scatter_copy.o)
    0x08000142   0x08000142   0x00000002   PAD
    0x08000144   0x08000144   0x0000001c   Code   RO         4565    !!handler_zi        c_w.l(__scatter_zi.o)
    0x08000160   0x08000160   0x00000000   Code   RO         4361    .ARM.Collect$$_printf_percent$$00000000  c_w.l(_printf_percent.o)
    0x08000160   0x08000160   0x00000006   Code   RO         4360    .ARM.Collect$$_printf_percent$$0000000C  c_w.l(_printf_x.o)
    0x08000166   0x08000166   0x00000006   Code   RO         4359    .ARM.Collect$$_printf_percent$$00000014  c_w.l(_printf_s.o)
    0x0800016c   0x0800016c   0x00000004   Code   RO         4397    .ARM.Collect$$_printf_percent$$00000017  c_w.l(_printf_percent_end.o)
    0x08000170   0x08000170   0x00000002   Code   RO         4431    .ARM.Collect$$libinit$$00000000  c_w.l(libinit.o)
    0x08000172   0x08000172   0x00000000   Code   RO         4438    .ARM.Collect$$libinit$$00000002  c_w.l(libinit2.o)
    0x08000172   0x08000172   0x00000000   Code   RO         4440    .ARM.Collect$$libinit$$00000004  c_w.l(libinit2.o)
    0x08000172   0x08000172   0x00000000   Code   RO         4443    .ARM.Collect$$libinit$$0000000A  c_w.l(libinit2.o)
    0x08000172   0x08000172   0x00000000   Code   RO         4445    .ARM.Collect$$libinit$$0000000C  c_w.l(libinit2.o)
    0x08000172   0x08000172   0x00000000   Code   RO         4447    .ARM.Collect$$libinit$$0000000E  c_w.l(libinit2.o)
    0x08000172   0x08000172   0x00000000   Code   RO         4450    .ARM.Collect$$libinit$$00000011  c_w.l(libinit2.o)
    0x08000172   0x08000172   0x00000000   Code   RO         4452    .ARM.Collect$$libinit$$00000013  c_w.l(libinit2.o)
    0x08000172   0x08000172   0x00000000   Code   RO         4454    .ARM.Collect$$libinit$$00000015  c_w.l(libinit2.o)
    0x08000172   0x08000172   0x00000000   Code   RO         4456    .ARM.Collect$$libinit$$00000017  c_w.l(libinit2.o)
    0x08000172   0x08000172   0x00000000   Code   RO         4458    .ARM.Collect$$libinit$$00000019  c_w.l(libinit2.o)
    0x08000172   0x08000172   0x00000000   Code   RO         4460    .ARM.Collect$$libinit$$0000001B  c_w.l(libinit2.o)
    0x08000172   0x08000172   0x00000000   Code   RO         4462    .ARM.Collect$$libinit$$0000001D  c_w.l(libinit2.o)
    0x08000172   0x08000172   0x00000000   Code   RO         4464    .ARM.Collect$$libinit$$0000001F  c_w.l(libinit2.o)
    0x08000172   0x08000172   0x00000000   Code   RO         4466    .ARM.Collect$$libinit$$00000021  c_w.l(libinit2.o)
    0x08000172   0x08000172   0x00000000   Code   RO         4468    .ARM.Collect$$libinit$$00000023  c_w.l(libinit2.o)
    0x08000172   0x08000172   0x00000000   Code   RO         4470    .ARM.Collect$$libinit$$00000025  c_w.l(libinit2.o)
    0x08000172   0x08000172   0x00000000   Code   RO         4474    .ARM.Collect$$libinit$$0000002C  c_w.l(libinit2.o)
    0x08000172   0x08000172   0x00000000   Code   RO         4476    .ARM.Collect$$libinit$$0000002E  c_w.l(libinit2.o)
    0x08000172   0x08000172   0x00000000   Code   RO         4478    .ARM.Collect$$libinit$$00000030  c_w.l(libinit2.o)
    0x08000172   0x08000172   0x00000000   Code   RO         4480    .ARM.Collect$$libinit$$00000032  c_w.l(libinit2.o)
    0x08000172   0x08000172   0x00000002   Code   RO         4481    .ARM.Collect$$libinit$$00000033  c_w.l(libinit2.o)
    0x08000174   0x08000174   0x00000002   Code   RO         4501    .ARM.Collect$$libshutdown$$00000000  c_w.l(libshutdown.o)
    0x08000176   0x08000176   0x00000000   Code   RO         4514    .ARM.Collect$$libshutdown$$00000002  c_w.l(libshutdown2.o)
    0x08000176   0x08000176   0x00000000   Code   RO         4516    .ARM.Collect$$libshutdown$$00000004  c_w.l(libshutdown2.o)
    0x08000176   0x08000176   0x00000000   Code   RO         4519    .ARM.Collect$$libshutdown$$00000007  c_w.l(libshutdown2.o)
    0x08000176   0x08000176   0x00000000   Code   RO         4522    .ARM.Collect$$libshutdown$$0000000A  c_w.l(libshutdown2.o)
    0x08000176   0x08000176   0x00000000   Code   RO         4524    .ARM.Collect$$libshutdown$$0000000C  c_w.l(libshutdown2.o)
    0x08000176   0x08000176   0x00000000   Code   RO         4527    .ARM.Collect$$libshutdown$$0000000F  c_w.l(libshutdown2.o)
    0x08000176   0x08000176   0x00000002   Code   RO         4528    .ARM.Collect$$libshutdown$$00000010  c_w.l(libshutdown2.o)
    0x08000178   0x08000178   0x00000000   Code   RO         4388    .ARM.Collect$$rtentry$$00000000  c_w.l(__rtentry.o)
    0x08000178   0x08000178   0x00000000   Code   RO         4406    .ARM.Collect$$rtentry$$00000002  c_w.l(__rtentry2.o)
    0x08000178   0x08000178   0x00000006   Code   RO         4418    .ARM.Collect$$rtentry$$00000004  c_w.l(__rtentry4.o)
    0x0800017e   0x0800017e   0x00000000   Code   RO         4408    .ARM.Collect$$rtentry$$00000009  c_w.l(__rtentry2.o)
    0x0800017e   0x0800017e   0x00000004   Code   RO         4409    .ARM.Collect$$rtentry$$0000000A  c_w.l(__rtentry2.o)
    0x08000182   0x08000182   0x00000000   Code   RO         4411    .ARM.Collect$$rtentry$$0000000C  c_w.l(__rtentry2.o)
    0x08000182   0x08000182   0x00000008   Code   RO         4412    .ARM.Collect$$rtentry$$0000000D  c_w.l(__rtentry2.o)
    0x0800018a   0x0800018a   0x00000002   Code   RO         4435    .ARM.Collect$$rtexit$$00000000  c_w.l(rtexit.o)
    0x0800018c   0x0800018c   0x00000000   Code   RO         4483    .ARM.Collect$$rtexit$$00000002  c_w.l(rtexit2.o)
    0x0800018c   0x0800018c   0x00000004   Code   RO         4484    .ARM.Collect$$rtexit$$00000003  c_w.l(rtexit2.o)
    0x08000190   0x08000190   0x00000006   Code   RO         4485    .ARM.Collect$$rtexit$$00000004  c_w.l(rtexit2.o)
    0x08000196   0x08000196   0x00000002   PAD
    0x08000198   0x08000198   0x00000040   Code   RO            4    .text               startup_stm32f103xb.o
    0x080001d8   0x080001d8   0x00000026   Code   RO         4306    .text               c_w.l(llushr.o)
    0x080001fe   0x080001fe   0x00000002   PAD
    0x08000200   0x08000200   0x00000028   Code   RO         4310    .text               c_w.l(noretval__2sprintf.o)
    0x08000228   0x08000228   0x0000004e   Code   RO         4314    .text               c_w.l(_printf_pad.o)
    0x08000276   0x08000276   0x00000052   Code   RO         4316    .text               c_w.l(_printf_str.o)
    0x080002c8   0x080002c8   0x00000058   Code   RO         4321    .text               c_w.l(_printf_hex_int.o)
    0x08000320   0x08000320   0x00000188   Code   RO         4356    .text               c_w.l(__printf_flags_ss_wp.o)
    0x080004a8   0x080004a8   0x00000014   Code   RO         4362    .text               c_w.l(strchr.o)
    0x080004bc   0x080004bc   0x00000024   Code   RO         4364    .text               c_w.l(strstr.o)
    0x080004e0   0x080004e0   0x0000003e   Code   RO         4366    .text               c_w.l(strlen.o)
    0x0800051e   0x0800051e   0x0000008a   Code   RO         4368    .text               c_w.l(rt_memcpy_v6.o)
    0x080005a8   0x080005a8   0x0000004e   Code   RO         4370    .text               c_w.l(rt_memclr_w.o)
    0x080005f6   0x080005f6   0x00000002   PAD
    0x080005f8   0x080005f8   0x00000080   Code   RO         4372    .text               c_w.l(strcmpv7m.o)
    0x08000678   0x08000678   0x00000006   Code   RO         4374    .text               c_w.l(heapauxi.o)
    0x0800067e   0x0800067e   0x000000b2   Code   RO         4389    .text               c_w.l(_printf_intcommon.o)
    0x08000730   0x08000730   0x00000030   Code   RO         4391    .text               c_w.l(_printf_char_common.o)
    0x08000760   0x08000760   0x0000000a   Code   RO         4393    .text               c_w.l(_sputc.o)
    0x0800076a   0x0800076a   0x0000002c   Code   RO         4395    .text               c_w.l(_printf_char.o)
    0x08000796   0x08000796   0x00000064   Code   RO         4398    .text               c_w.l(rt_memcpy_w.o)
    0x080007fa   0x080007fa   0x0000004a   Code   RO         4422    .text               c_w.l(sys_stackheap_outer.o)
    0x08000844   0x08000844   0x00000012   Code   RO         4424    .text               c_w.l(exit.o)
    0x08000856   0x08000856   0x00000002   PAD
    0x08000858   0x08000858   0x00000008   Code   RO         4432    .text               c_w.l(libspace.o)
    0x08000860   0x08000860   0x0000000c   Code   RO         4493    .text               c_w.l(sys_exit.o)
    0x0800086c   0x0800086c   0x00000002   Code   RO         4504    .text               c_w.l(use_no_semi.o)
    0x0800086e   0x0800086e   0x00000000   Code   RO         4506    .text               c_w.l(indicate_semi.o)
    0x0800086e   0x0800086e   0x00000002   PAD
    0x08000870   0x08000870   0x000000e4   Code   RO         4207    i.ADD_Admin_ID      adminoperation.o
    0x08000954   0x08000954   0x00000120   Code   RO         4208    i.ADD_User_ID       adminoperation.o
    0x08000a74   0x08000a74   0x00000178   Code   RO         4209    i.Add_ID_Card       adminoperation.o
    0x08000bec   0x08000bec   0x000002a4   Code   RO         4210    i.Admin_Change_Password_operation  adminoperation.o
    0x08000e90   0x08000e90   0x00000002   Code   RO          460    i.BusFault_Handler  stm32f1xx_it.o
    0x08000e92   0x08000e92   0x00000002   PAD
    0x08000e94   0x08000e94   0x000002bc   Code   RO         3724    i.Button_GetKey     button.o
    0x08001150   0x08001150   0x00000020   Code   RO         3725    i.Button_Init       button.o
    0x08001170   0x08001170   0x000000c4   Code   RO         4211    i.Change_Password   adminoperation.o
    0x08001234   0x08001234   0x00000018   Code   RO         4074    i.ClearBitMask      rc522.o
    0x0800124c   0x0800124c   0x0000000c   Code   RO          461    i.DMA1_Channel5_IRQHandler  stm32f1xx_it.o
    0x08001258   0x08001258   0x0000002a   Code   RO         1431    i.DMA_SetConfig     stm32f1xx_hal_dma.o
    0x08001282   0x08001282   0x00000002   Code   RO          462    i.DebugMon_Handler  stm32f1xx_it.o
    0x08001284   0x08001284   0x000002b8   Code   RO         4212    i.Dele_ID_Card      adminoperation.o
    0x0800153c   0x0800153c   0x0000003c   Code   RO          405    i.ESP_GetReceivedData  usart.o
    0x08001578   0x08001578   0x00000184   Code   RO         3938    i.ESP_Init          esp.o
    0x080016fc   0x080016fc   0x00000068   Code   RO         3939    i.ESP_ParseData     esp.o
    0x08001764   0x08001764   0x00000020   Code   RO         3940    i.ESP_Process       esp.o
    0x08001784   0x08001784   0x0000001c   Code   RO         3941    i.ESP_SendBemfaData  esp.o
    0x080017a0   0x080017a0   0x00000024   Code   RO         3942    i.ESP_SendCmd       esp.o
    0x080017c4   0x080017c4   0x00000038   Code   RO         3944    i.ESP_SendHeartbeat  esp.o
    0x080017fc   0x080017fc   0x00000004   Code   RO           13    i.Error_Handler     main.o
    0x08001800   0x08001800   0x00000024   Code   RO         1871    i.FLASH_MassErase   stm32f1xx_hal_flash_ex.o
    0x08001824   0x08001824   0x00000024   Code   RO         1876    i.FLASH_PageErase   stm32f1xx_hal_flash_ex.o
    0x08001848   0x08001848   0x0000001c   Code   RO         1768    i.FLASH_Program_HalfWord  stm32f1xx_hal_flash.o
    0x08001864   0x08001864   0x0000005c   Code   RO         1769    i.FLASH_SetErrorCode  stm32f1xx_hal_flash.o
    0x080018c0   0x080018c0   0x00000054   Code   RO         1770    i.FLASH_WaitForLastOperation  stm32f1xx_hal_flash.o
    0x08001914   0x08001914   0x00000032   Code   RO         4168    i.Flash_Erase       flash.o
    0x08001946   0x08001946   0x00000004   Code   RO         4169    i.Flash_Read        flash.o
    0x0800194a   0x0800194a   0x00000028   Code   RO         4170    i.Flash_Write       flash.o
    0x08001972   0x08001972   0x00000046   Code   RO         1432    i.HAL_DMA_Abort     stm32f1xx_hal_dma.o
    0x080019b8   0x080019b8   0x00000098   Code   RO         1433    i.HAL_DMA_Abort_IT  stm32f1xx_hal_dma.o
    0x08001a50   0x08001a50   0x00000154   Code   RO         1437    i.HAL_DMA_IRQHandler  stm32f1xx_hal_dma.o
    0x08001ba4   0x08001ba4   0x0000005c   Code   RO         1438    i.HAL_DMA_Init      stm32f1xx_hal_dma.o
    0x08001c00   0x08001c00   0x00000070   Code   RO         1442    i.HAL_DMA_Start_IT  stm32f1xx_hal_dma.o
    0x08001c70   0x08001c70   0x00000024   Code   RO         1058    i.HAL_Delay         stm32f1xx_hal.o
    0x08001c94   0x08001c94   0x000000a8   Code   RO         1877    i.HAL_FLASHEx_Erase  stm32f1xx_hal_flash_ex.o
    0x08001d3c   0x08001d3c   0x00000014   Code   RO         1774    i.HAL_FLASH_Lock    stm32f1xx_hal_flash.o
    0x08001d50   0x08001d50   0x00000080   Code   RO         1779    i.HAL_FLASH_Program  stm32f1xx_hal_flash.o
    0x08001dd0   0x08001dd0   0x00000028   Code   RO         1781    i.HAL_FLASH_Unlock  stm32f1xx_hal_flash.o
    0x08001df8   0x08001df8   0x000001e0   Code   RO         1368    i.HAL_GPIO_Init     stm32f1xx_hal_gpio.o
    0x08001fd8   0x08001fd8   0x0000000a   Code   RO         1370    i.HAL_GPIO_ReadPin  stm32f1xx_hal_gpio.o
    0x08001fe2   0x08001fe2   0x0000000a   Code   RO         1372    i.HAL_GPIO_WritePin  stm32f1xx_hal_gpio.o
    0x08001fec   0x08001fec   0x0000000c   Code   RO         1062    i.HAL_GetTick       stm32f1xx_hal.o
    0x08001ff8   0x08001ff8   0x00000188   Code   RO          625    i.HAL_I2C_Init      stm32f1xx_hal_i2c.o
    0x08002180   0x08002180   0x0000012c   Code   RO          638    i.HAL_I2C_Master_Transmit  stm32f1xx_hal_i2c.o
    0x080022ac   0x080022ac   0x00000130   Code   RO          646    i.HAL_I2C_Mem_Write  stm32f1xx_hal_i2c.o
    0x080023dc   0x080023dc   0x0000005c   Code   RO          249    i.HAL_I2C_MspInit   i2c.o
    0x08002438   0x08002438   0x00000010   Code   RO         1068    i.HAL_IncTick       stm32f1xx_hal.o
    0x08002448   0x08002448   0x00000024   Code   RO         1069    i.HAL_Init          stm32f1xx_hal.o
    0x0800246c   0x0800246c   0x00000040   Code   RO         1070    i.HAL_InitTick      stm32f1xx_hal.o
    0x080024ac   0x080024ac   0x0000003c   Code   RO          554    i.HAL_MspInit       stm32f1xx_hal_msp.o
    0x080024e8   0x080024e8   0x0000001a   Code   RO         1528    i.HAL_NVIC_EnableIRQ  stm32f1xx_hal_cortex.o
    0x08002502   0x08002502   0x00000002   PAD
    0x08002504   0x08002504   0x00000040   Code   RO         1534    i.HAL_NVIC_SetPriority  stm32f1xx_hal_cortex.o
    0x08002544   0x08002544   0x00000024   Code   RO         1535    i.HAL_NVIC_SetPriorityGrouping  stm32f1xx_hal_cortex.o
    0x08002568   0x08002568   0x0000012c   Code   RO         1226    i.HAL_RCC_ClockConfig  stm32f1xx_hal_rcc.o
    0x08002694   0x08002694   0x00000020   Code   RO         1233    i.HAL_RCC_GetPCLK1Freq  stm32f1xx_hal_rcc.o
    0x080026b4   0x080026b4   0x00000020   Code   RO         1234    i.HAL_RCC_GetPCLK2Freq  stm32f1xx_hal_rcc.o
    0x080026d4   0x080026d4   0x0000004c   Code   RO         1235    i.HAL_RCC_GetSysClockFreq  stm32f1xx_hal_rcc.o
    0x08002720   0x08002720   0x00000320   Code   RO         1238    i.HAL_RCC_OscConfig  stm32f1xx_hal_rcc.o
    0x08002a40   0x08002a40   0x00000002   Code   RO         2035    i.HAL_SPI_ErrorCallback  stm32f1xx_hal_spi.o
    0x08002a42   0x08002a42   0x00000002   PAD
    0x08002a44   0x08002a44   0x000000e0   Code   RO         2038    i.HAL_SPI_IRQHandler  stm32f1xx_hal_spi.o
    0x08002b24   0x08002b24   0x000000b2   Code   RO         2039    i.HAL_SPI_Init      stm32f1xx_hal_spi.o
    0x08002bd6   0x08002bd6   0x00000002   PAD
    0x08002bd8   0x08002bd8   0x00000080   Code   RO          291    i.HAL_SPI_MspInit   spi.o
    0x08002c58   0x08002c58   0x00000028   Code   RO         1539    i.HAL_SYSTICK_Config  stm32f1xx_hal_cortex.o
    0x08002c80   0x08002c80   0x00000054   Code   RO         3059    i.HAL_TIMEx_ConfigBreakDeadTime  stm32f1xx_hal_tim_ex.o
    0x08002cd4   0x08002cd4   0x00000068   Code   RO         3075    i.HAL_TIMEx_MasterConfigSynchronization  stm32f1xx_hal_tim_ex.o
    0x08002d3c   0x08002d3c   0x0000005a   Code   RO         2352    i.HAL_TIM_Base_Init  stm32f1xx_hal_tim.o
    0x08002d96   0x08002d96   0x00000002   PAD
    0x08002d98   0x08002d98   0x00000028   Code   RO          358    i.HAL_TIM_Base_MspInit  tim.o
    0x08002dc0   0x08002dc0   0x000000dc   Code   RO         2361    i.HAL_TIM_ConfigClockSource  stm32f1xx_hal_tim.o
    0x08002e9c   0x08002e9c   0x0000004c   Code   RO          359    i.HAL_TIM_MspPostInit  tim.o
    0x08002ee8   0x08002ee8   0x000000cc   Code   RO         2424    i.HAL_TIM_PWM_ConfigChannel  stm32f1xx_hal_tim.o
    0x08002fb4   0x08002fb4   0x0000005a   Code   RO         2427    i.HAL_TIM_PWM_Init  stm32f1xx_hal_tim.o
    0x0800300e   0x0800300e   0x00000002   Code   RO         2429    i.HAL_TIM_PWM_MspInit  stm32f1xx_hal_tim.o
    0x08003010   0x08003010   0x00000002   Code   RO         3335    i.HAL_UARTEx_RxEventCallback  stm32f1xx_hal_uart.o
    0x08003012   0x08003012   0x00000070   Code   RO         3347    i.HAL_UART_DMAStop  stm32f1xx_hal_uart.o
    0x08003082   0x08003082   0x00000002   Code   RO         3349    i.HAL_UART_ErrorCallback  stm32f1xx_hal_uart.o
    0x08003084   0x08003084   0x0000026c   Code   RO         3352    i.HAL_UART_IRQHandler  stm32f1xx_hal_uart.o
    0x080032f0   0x080032f0   0x00000064   Code   RO         3353    i.HAL_UART_Init     stm32f1xx_hal_uart.o
    0x08003354   0x08003354   0x000000b0   Code   RO          407    i.HAL_UART_MspInit  usart.o
    0x08003404   0x08003404   0x0000001c   Code   RO         3357    i.HAL_UART_Receive_DMA  stm32f1xx_hal_uart.o
    0x08003420   0x08003420   0x00000002   Code   RO         3359    i.HAL_UART_RxCpltCallback  stm32f1xx_hal_uart.o
    0x08003422   0x08003422   0x00000002   Code   RO         3360    i.HAL_UART_RxHalfCpltCallback  stm32f1xx_hal_uart.o
    0x08003424   0x08003424   0x000000a0   Code   RO         3361    i.HAL_UART_Transmit  stm32f1xx_hal_uart.o
    0x080034c4   0x080034c4   0x00000002   Code   RO         3364    i.HAL_UART_TxCpltCallback  stm32f1xx_hal_uart.o
    0x080034c6   0x080034c6   0x00000002   Code   RO          463    i.HardFault_Handler  stm32f1xx_it.o
    0x080034c8   0x080034c8   0x0000002e   Code   RO          668    i.I2C_IsAcknowledgeFailed  stm32f1xx_hal_i2c.o
    0x080034f6   0x080034f6   0x00000002   PAD
    0x080034f8   0x080034f8   0x0000009c   Code   RO          672    i.I2C_MasterRequestWrite  stm32f1xx_hal_i2c.o
    0x08003594   0x08003594   0x000000a8   Code   RO          679    i.I2C_RequestMemoryWrite  stm32f1xx_hal_i2c.o
    0x0800363c   0x0800363c   0x00000056   Code   RO          683    i.I2C_WaitOnBTFFlagUntilTimeout  stm32f1xx_hal_i2c.o
    0x08003692   0x08003692   0x00000002   PAD
    0x08003694   0x08003694   0x00000090   Code   RO          684    i.I2C_WaitOnFlagUntilTimeout  stm32f1xx_hal_i2c.o
    0x08003724   0x08003724   0x000000bc   Code   RO          685    i.I2C_WaitOnMasterAddressFlagUntilTimeout  stm32f1xx_hal_i2c.o
    0x080037e0   0x080037e0   0x00000056   Code   RO          687    i.I2C_WaitOnTXEFlagUntilTimeout  stm32f1xx_hal_i2c.o
    0x08003836   0x08003836   0x00000002   PAD
    0x08003838   0x08003838   0x0000002c   Code   RO          224    i.MX_DMA_Init       dma.o
    0x08003864   0x08003864   0x00000104   Code   RO          200    i.MX_GPIO_Init      gpio.o
    0x08003968   0x08003968   0x00000040   Code   RO          250    i.MX_I2C1_Init      i2c.o
    0x080039a8   0x080039a8   0x00000048   Code   RO          294    i.MX_SPI1_Init      spi.o
    0x080039f0   0x080039f0   0x000000c8   Code   RO          360    i.MX_TIM1_Init      tim.o
    0x08003ab8   0x08003ab8   0x00000050   Code   RO          408    i.MX_USART1_UART_Init  usart.o
    0x08003b08   0x08003b08   0x00000002   Code   RO          464    i.MemManage_Handler  stm32f1xx_it.o
    0x08003b0a   0x08003b0a   0x00000002   PAD
    0x08003b0c   0x08003b0c   0x0000000c   Code   RO         4008    i.MySPI_R_MISO      myspi.o
    0x08003b18   0x08003b18   0x00000038   Code   RO         4011    i.MySPI_SwapByte    myspi.o
    0x08003b50   0x08003b50   0x00000014   Code   RO         4012    i.MySPI_W_MOSI      myspi.o
    0x08003b64   0x08003b64   0x00000014   Code   RO         4013    i.MySPI_W_SCK       myspi.o
    0x08003b78   0x08003b78   0x00000014   Code   RO         4014    i.MySPI_W_SS        myspi.o
    0x08003b8c   0x08003b8c   0x00000002   Code   RO          465    i.NMI_Handler       stm32f1xx_it.o
    0x08003b8e   0x08003b8e   0x0000002a   Code   RO         3841    i.OLED_Clear        driver_oled.o
    0x08003bb8   0x08003bb8   0x00000094   Code   RO         3843    i.OLED_Init         driver_oled.o
    0x08003c4c   0x08003c4c   0x00000032   Code   RO         3846    i.OLED_PrintString  driver_oled.o
    0x08003c7e   0x08003c7e   0x00000002   PAD
    0x08003c80   0x08003c80   0x00000048   Code   RO         3847    i.OLED_PutChar      driver_oled.o
    0x08003cc8   0x08003cc8   0x0000002c   Code   RO         3848    i.OLED_SetComConfig  driver_oled.o
    0x08003cf4   0x08003cf4   0x00000040   Code   RO         3849    i.OLED_SetPosition  driver_oled.o
    0x08003d34   0x08003d34   0x00000028   Code   RO         3851    i.OLED_WriteCmd     driver_oled.o
    0x08003d5c   0x08003d5c   0x00000020   Code   RO         3852    i.OLED_WriteNBytes  driver_oled.o
    0x08003d7c   0x08003d7c   0x00000026   Code   RO         4213    i.Open_Door_Correct  adminoperation.o
    0x08003da2   0x08003da2   0x0000001e   Code   RO         4214    i.Open_Door_Error   adminoperation.o
    0x08003dc0   0x08003dc0   0x00000024   Code   RO         3760    i.PWM_SetCompare1   dooropenpro.o
    0x08003de4   0x08003de4   0x00000002   Code   RO          466    i.PendSV_Handler    stm32f1xx_it.o
    0x08003de6   0x08003de6   0x00000008   Code   RO         4076    i.RC522_AntennaOn   rc522.o
    0x08003dee   0x08003dee   0x0000006a   Code   RO         4077    i.RC522_Anticoll    rc522.o
    0x08003e58   0x08003e58   0x00000090   Code   RO         4079    i.RC522_Init        rc522.o
    0x08003ee8   0x08003ee8   0x0000004e   Code   RO         4080    i.RC522_ReadCardID  rc522.o
    0x08003f36   0x08003f36   0x0000004c   Code   RO         4081    i.RC522_Reset       rc522.o
    0x08003f82   0x08003f82   0x00000116   Code   RO         4082    i.RC522_ToCard      rc522.o
    0x08004098   0x08004098   0x0000002a   Code   RO         4083    i.Read_RC522        rc522.o
    0x080040c2   0x080040c2   0x00000002   PAD
    0x080040c4   0x080040c4   0x000000dc   Code   RO         4215    i.Regular_Admin     adminoperation.o
    0x080041a0   0x080041a0   0x00000174   Code   RO         4216    i.Regular_User      adminoperation.o
    0x08004314   0x08004314   0x00000038   Code   RO         4217    i.Regular_User_Menu  adminoperation.o
    0x0800434c   0x0800434c   0x0000000c   Code   RO          467    i.SPI1_IRQHandler   stm32f1xx_it.o
    0x08004358   0x08004358   0x00000010   Code   RO         2066    i.SPI_DMAAbortOnError  stm32f1xx_hal_spi.o
    0x08004368   0x08004368   0x00000002   Code   RO          468    i.SVC_Handler       stm32f1xx_it.o
    0x0800436a   0x0800436a   0x00000002   PAD
    0x0800436c   0x0800436c   0x0000003c   Code   RO         3761    i.Servo_SetAngle    dooropenpro.o
    0x080043a8   0x080043a8   0x00000018   Code   RO         4084    i.SetBitMask        rc522.o
    0x080043c0   0x080043c0   0x00000004   Code   RO          469    i.SysTick_Handler   stm32f1xx_it.o
    0x080043c4   0x080043c4   0x0000005c   Code   RO           14    i.SystemClock_Config  main.o
    0x08004420   0x08004420   0x00000002   Code   RO         3687    i.SystemInit        system_stm32f1xx.o
    0x08004422   0x08004422   0x00000002   PAD
    0x08004424   0x08004424   0x00000078   Code   RO         2445    i.TIM_Base_SetConfig  stm32f1xx_hal_tim.o
    0x0800449c   0x0800449c   0x00000014   Code   RO         2456    i.TIM_ETR_SetConfig  stm32f1xx_hal_tim.o
    0x080044b0   0x080044b0   0x00000010   Code   RO         2457    i.TIM_ITRx_SetConfig  stm32f1xx_hal_tim.o
    0x080044c0   0x080044c0   0x00000050   Code   RO         2458    i.TIM_OC1_SetConfig  stm32f1xx_hal_tim.o
    0x08004510   0x08004510   0x00000058   Code   RO         2459    i.TIM_OC2_SetConfig  stm32f1xx_hal_tim.o
    0x08004568   0x08004568   0x00000058   Code   RO         2460    i.TIM_OC3_SetConfig  stm32f1xx_hal_tim.o
    0x080045c0   0x080045c0   0x00000044   Code   RO         2461    i.TIM_OC4_SetConfig  stm32f1xx_hal_tim.o
    0x08004604   0x08004604   0x00000022   Code   RO         2463    i.TIM_TI1_ConfigInputStage  stm32f1xx_hal_tim.o
    0x08004626   0x08004626   0x00000024   Code   RO         2465    i.TIM_TI2_ConfigInputStage  stm32f1xx_hal_tim.o
    0x0800464a   0x0800464a   0x00000002   PAD
    0x0800464c   0x0800464c   0x00000050   Code   RO          409    i.UART1_DMA_IDLE_Handler  usart.o
    0x0800469c   0x0800469c   0x00000010   Code   RO         3366    i.UART_DMAAbortOnError  stm32f1xx_hal_uart.o
    0x080046ac   0x080046ac   0x0000004a   Code   RO         3367    i.UART_DMAError     stm32f1xx_hal_uart.o
    0x080046f6   0x080046f6   0x00000086   Code   RO         3368    i.UART_DMAReceiveCplt  stm32f1xx_hal_uart.o
    0x0800477c   0x0800477c   0x0000001e   Code   RO         3370    i.UART_DMARxHalfCplt  stm32f1xx_hal_uart.o
    0x0800479a   0x0800479a   0x0000004e   Code   RO         3376    i.UART_EndRxTransfer  stm32f1xx_hal_uart.o
    0x080047e8   0x080047e8   0x0000001c   Code   RO         3377    i.UART_EndTxTransfer  stm32f1xx_hal_uart.o
    0x08004804   0x08004804   0x000000c2   Code   RO         3378    i.UART_Receive_IT   stm32f1xx_hal_uart.o
    0x080048c6   0x080048c6   0x00000002   PAD
    0x080048c8   0x080048c8   0x000000b8   Code   RO         3379    i.UART_SetConfig    stm32f1xx_hal_uart.o
    0x08004980   0x08004980   0x00000090   Code   RO         3380    i.UART_Start_Receive_DMA  stm32f1xx_hal_uart.o
    0x08004a10   0x08004a10   0x00000072   Code   RO         3382    i.UART_WaitOnFlagUntilTimeout  stm32f1xx_hal_uart.o
    0x08004a82   0x08004a82   0x00000002   PAD
    0x08004a84   0x08004a84   0x00000014   Code   RO          470    i.USART1_IRQHandler  stm32f1xx_it.o
    0x08004a98   0x08004a98   0x000000bc   Code   RO         4218    i.Uid_Read          adminoperation.o
    0x08004b54   0x08004b54   0x00000002   Code   RO          471    i.UsageFault_Handler  stm32f1xx_it.o
    0x08004b56   0x08004b56   0x00000002   PAD
    0x08004b58   0x08004b58   0x000002a0   Code   RO         4219    i.User_Change_Password_operation  adminoperation.o
    0x08004df8   0x08004df8   0x00000026   Code   RO         4085    i.Write_RC522       rc522.o
    0x08004e1e   0x08004e1e   0x00000020   Code   RO         1541    i.__NVIC_SetPriority  stm32f1xx_hal_cortex.o
    0x08004e3e   0x08004e3e   0x0000000e   Code   RO         4349    i._is_digit         c_w.l(__printf_wp.o)
    0x08004e4c   0x08004e4c   0x00000010   Code   RO         3762    i.buzzer_close      dooropenpro.o
    0x08004e5c   0x08004e5c   0x00000010   Code   RO         3763    i.buzzer_open       dooropenpro.o
    0x08004e6c   0x08004e6c   0x00000006   Code   RO         3764    i.close_door        dooropenpro.o
    0x08004e72   0x08004e72   0x00000002   PAD
    0x08004e74   0x08004e74   0x00000010   Code   RO         3765    i.greenLED_close    dooropenpro.o
    0x08004e84   0x08004e84   0x00000010   Code   RO         3766    i.greenLED_open     dooropenpro.o
    0x08004e94   0x08004e94   0x00000160   Code   RO           15    i.main              main.o
    0x08004ff4   0x08004ff4   0x0000000c   Code   RO         3767    i.open_door         dooropenpro.o
    0x08005000   0x08005000   0x00000010   Code   RO         3768    i.redLED_close      dooropenpro.o
    0x08005010   0x08005010   0x00000010   Code   RO         3769    i.redLED_open       dooropenpro.o
    0x08005020   0x08005020   0x00000184   Code   RO         4379    x$fpl$fdiv          fz_ws.l(fdiv.o)
    0x080051a4   0x080051a4   0x0000003e   Code   RO         4382    x$fpl$ffixu         fz_ws.l(ffixu.o)
    0x080051e2   0x080051e2   0x00000002   PAD
    0x080051e4   0x080051e4   0x00000102   Code   RO         4386    x$fpl$fmul          fz_ws.l(fmul.o)
    0x080052e6   0x080052e6   0x0000008c   Code   RO         4400    x$fpl$fnaninf       fz_ws.l(fnaninf.o)
    0x08005372   0x08005372   0x0000000a   Code   RO         4402    x$fpl$fretinf       fz_ws.l(fretinf.o)
    0x0800537c   0x0800537c   0x00000000   Code   RO         4404    x$fpl$usenofp       fz_ws.l(usenofp.o)
    0x0800537c   0x0800537c   0x00000012   Data   RO         1239    .constdata          stm32f1xx_hal_rcc.o
    0x0800538e   0x0800538e   0x00000010   Data   RO         3688    .constdata          system_stm32f1xx.o
    0x0800539e   0x0800539e   0x00000008   Data   RO         3689    .constdata          system_stm32f1xx.o
    0x080053a6   0x080053a6   0x00000010   Data   RO         3726    .constdata          button.o
    0x080053b6   0x080053b6   0x00000800   Data   RO         3853    .constdata          driver_oled.o
    0x08005bb6   0x08005bb6   0x00000028   Data   RO         4322    .constdata          c_w.l(_printf_hex_int.o)
    0x08005bde   0x08005bde   0x00000011   Data   RO         4357    .constdata          c_w.l(__printf_flags_ss_wp.o)
    0x08005bef   0x08005bef   0x00000001   PAD
    0x08005bf0   0x08005bf0   0x00000020   Data   RO         4559    Region$$Table       anon$$obj.o


    Execution Region RW_IRAM1 (Exec base: 0x20000000, Load base: 0x08005c10, Size: 0x00000970, Max: 0x00005000, ABSOLUTE)

    Exec Addr    Load Addr    Size         Type   Attr      Idx    E Section Name        Object

    0x20000000   0x08005c10   0x00000004   Data   RW           16    .data               main.o
    0x20000004   0x08005c14   0x00000004   Data   RW          411    .data               usart.o
    0x20000008   0x08005c18   0x0000000c   Data   RW         1076    .data               stm32f1xx_hal.o
    0x20000014   0x08005c24   0x00000004   Data   RW         3690    .data               system_stm32f1xx.o
    0x20000018   0x08005c28   0x00000008   Data   RW         3727    .data               button.o
    0x20000020   0x08005c30   0x00000008   Data   RW         3854    .data               driver_oled.o
    0x20000028   0x08005c38   0x0000003a   Data   RW         3947    .data               esp.o
    0x20000062   0x08005c72   0x0000000d   Data   RW         4220    .data               adminoperation.o
    0x2000006f   0x08005c7f   0x00000001   PAD
    0x20000070        -       0x00000054   Zero   RW          251    .bss                i2c.o
    0x200000c4        -       0x00000058   Zero   RW          297    .bss                spi.o
    0x2000011c        -       0x00000048   Zero   RW          361    .bss                tim.o
    0x20000164        -       0x0000018c   Zero   RW          410    .bss                usart.o
    0x200002f0        -       0x00000020   Zero   RW         1782    .bss                stm32f1xx_hal_flash.o
    0x20000310        -       0x00000060   Zero   RW         4433    .bss                c_w.l(libspace.o)
    0x20000370        -       0x00000200   Zero   RW            2    HEAP                startup_stm32f103xb.o
    0x20000570        -       0x00000400   Zero   RW            1    STACK               startup_stm32f103xb.o


==============================================================================

Image component sizes


      Code (inc. data)   RO Data    RW Data    ZI Data      Debug   Object Name

      4036        940          0         13          0      13370   adminoperation.o
       732         26         16          8          0       2466   button.o
        44          4          0          0          0        718   dma.o
       210         52          0          0          0       4671   dooropenpro.o
       492         30       2048          8          0       7837   driver_oled.o
       644        262          0         58          0       4155   esp.o
        94          0          0          0          0       1665   flash.o
       260         18          0          0          0        927   gpio.o
       156         26          0          0         84       1549   i2c.o
       448         74          0          4          0     449640   main.o
       128         16          0          0          0       2652   myspi.o
       818          6          0          0          0       7167   rc522.o
       200         22          0          0         88       1657   spi.o
        64         26        236          0       1536        792   startup_stm32f103xb.o
       164         28          0         12          0       5741   stm32f1xx_hal.o
       198         14          0          0          0      28827   stm32f1xx_hal_cortex.o
       808         36          0          0          0       4846   stm32f1xx_hal_dma.o
       392         46          0          0         32       4566   stm32f1xx_hal_flash.o
       240         26          0          0          0       3165   stm32f1xx_hal_flash_ex.o
       500         34          0          0          0       3439   stm32f1xx_hal_gpio.o
      1870         48          0          0          0      11141   stm32f1xx_hal_i2c.o
        60          8          0          0          0        834   stm32f1xx_hal_msp.o
      1240         84         18          0          0       4992   stm32f1xx_hal_rcc.o
       420          4          0          0          0       3116   stm32f1xx_hal_spi.o
      1156         32          0          0          0      10636   stm32f1xx_hal_tim.o
       188         12          0          0          0       2084   stm32f1xx_hal_tim_ex.o
      2026         24          0          0          0      14925   stm32f1xx_hal_uart.o
        64         16          0          0          0       4987   stm32f1xx_it.o
         2          0         24          4          0       1059   system_stm32f1xx.o
       316         30          0          0         72       2256   tim.o
       396         56          0          4        396       3040   usart.o

    ----------------------------------------------------------------------
     18402       2000       2374        112       2208     608920   Object Totals
         0          0         32          0          0          0   (incl. Generated)
        36          0          0          1          0          0   (incl. Padding)

    ----------------------------------------------------------------------

      Code (inc. data)   RO Data    RW Data    ZI Data      Debug   Library Member Name

         8          0          0          0          0         68   __main.o
       392          4         17          0          0         92   __printf_flags_ss_wp.o
        14          0          0          0          0         68   __printf_wp.o
         0          0          0          0          0          0   __rtentry.o
        12          0          0          0          0          0   __rtentry2.o
         6          0          0          0          0          0   __rtentry4.o
        52          8          0          0          0          0   __scatter.o
        26          0          0          0          0          0   __scatter_copy.o
        28          0          0          0          0          0   __scatter_zi.o
        44          0          0          0          0        108   _printf_char.o
        48          6          0          0          0         96   _printf_char_common.o
        88          4         40          0          0         88   _printf_hex_int.o
       178          0          0          0          0         88   _printf_intcommon.o
        78          0          0          0          0        108   _printf_pad.o
         0          0          0          0          0          0   _printf_percent.o
         4          0          0          0          0          0   _printf_percent_end.o
         6          0          0          0          0          0   _printf_s.o
        82          0          0          0          0         80   _printf_str.o
         6          0          0          0          0          0   _printf_x.o
        10          0          0          0          0         68   _sputc.o
        18          0          0          0          0         80   exit.o
         6          0          0          0          0        152   heapauxi.o
         0          0          0          0          0          0   indicate_semi.o
         2          0          0          0          0          0   libinit.o
         2          0          0          0          0          0   libinit2.o
         2          0          0          0          0          0   libshutdown.o
         2          0          0          0          0          0   libshutdown2.o
         8          4          0          0         96         68   libspace.o
        38          0          0          0          0         68   llushr.o
        40          6          0          0          0         84   noretval__2sprintf.o
        78          0          0          0          0         80   rt_memclr_w.o
       138          0          0          0          0         68   rt_memcpy_v6.o
       100          0          0          0          0         80   rt_memcpy_w.o
         2          0          0          0          0          0   rtexit.o
        10          0          0          0          0          0   rtexit2.o
        20          0          0          0          0         68   strchr.o
       128          0          0          0          0         68   strcmpv7m.o
        62          0          0          0          0         76   strlen.o
        36          0          0          0          0         80   strstr.o
        12          4          0          0          0         68   sys_exit.o
        74          0          0          0          0         80   sys_stackheap_outer.o
         2          0          0          0          0         68   use_no_semi.o
       388         76          0          0          0         96   fdiv.o
        62          4          0          0          0         84   ffixu.o
       258          4          0          0          0         84   fmul.o
       140          4          0          0          0         84   fnaninf.o
        10          0          0          0          0         68   fretinf.o
         0          0          0          0          0          0   usenofp.o

    ----------------------------------------------------------------------
      2734        124         58          0         96       2468   Library Totals
        14          0          1          0          0          0   (incl. Padding)

    ----------------------------------------------------------------------

      Code (inc. data)   RO Data    RW Data    ZI Data      Debug   Library Name

      1862         36         57          0         96       2052   c_w.l
       858         88          0          0          0        416   fz_ws.l

    ----------------------------------------------------------------------
      2734        124         58          0         96       2468   Library Totals

    ----------------------------------------------------------------------

==============================================================================


      Code (inc. data)   RO Data    RW Data    ZI Data      Debug   

     21136       2124       2432        112       2304     601504   Grand Totals
     21136       2124       2432        112       2304     601504   ELF Image Totals
     21136       2124       2432        112          0          0   ROM Totals

==============================================================================

    Total RO  Size (Code + RO Data)                23568 (  23.02kB)
    Total RW  Size (RW Data + ZI Data)              2416 (   2.36kB)
    Total ROM Size (Code + RO Data + RW Data)      23680 (  23.13kB)

==============================================================================

